Apr 27 14:52:55 physics-ASUS-TUF-Gaming-A15-FA507RM-FA507RM kernel: [    0.000000] Linux version 6.5.0-28-generic (buildd@lcy02-amd64-098) (x86_64-linux-gnu-gcc-12 (Ubuntu 12.3.0-1ubuntu1~22.04) 12.3.0, GNU ld (GNU Binutils for Ubuntu) 2.38) #29~22.04.1-Ubuntu SMP PREEMPT_DYNAMIC Thu Apr  4 14:39:20 UTC 2 (Ubuntu 6.5.0-28.29~22.04.1-generic 6.5.13)
Apr 27 14:52:55 physics-ASUS-TUF-Gaming-A15-FA507RM-FA507RM kernel: [    0.000000] Command line: BOOT_IMAGE=/boot/vmlinuz-6.5.0-28-generic root=UUID=b88236d9-d53b-4acd-834c-14624b206b8d ro quiet splash vt.handoff=7
Apr 27 14:52:55 physics-ASUS-TUF-Gaming-A15-FA507RM-FA507RM kernel: [    0.000000] KERNEL supported cpus:
Apr 27 14:52:55 physics-ASUS-TUF-Gaming-A15-FA507RM-FA507RM kernel: [    0.000000]   Intel GenuineIntel
Apr 27 14:52:55 physics-ASUS-TUF-Gaming-A15-FA507RM-FA507RM kernel: [    0.000000]   AMD AuthenticAMD
Apr 27 14:52:55 physics-ASUS-TUF-Gaming-A15-FA507RM-FA507RM kernel: [    0.000000]   Hygon HygonGenuine
Apr 27 14:52:55 physics-ASUS-TUF-Gaming-A15-FA507RM-FA507RM kernel: [    0.000000]   Centaur CentaurHauls
Apr 27 14:52:55 physics-ASUS-TUF-Gaming-A15-FA507RM-FA507RM kernel: [    0.000000]   zhaoxin   Shanghai  
Apr 27 14:52:55 physics-ASUS-TUF-Gaming-A15-FA507RM-FA507RM kernel: [    0.000000] BIOS-provided physical RAM map:
Apr 27 14:52:55 physics-ASUS-TUF-Gaming-A15-FA507RM-FA507RM kernel: [    0.000000] BIOS-e820: [mem 0x0000000000000000-0x000000000009ffff] usable
Apr 27 14:52:55 physics-ASUS-TUF-Gaming-A15-FA507RM-FA507RM kernel: [    0.000000] BIOS-e820: [mem 0x00000000000a0000-0x00000000000fffff] reserved
Apr 27 14:52:55 physics-ASUS-TUF-Gaming-A15-FA507RM-FA507RM kernel: [    0.000000] BIOS-e820: [mem 0x0000000000100000-0x0000000009afefff] usable
Apr 27 14:52:55 physics-ASUS-TUF-Gaming-A15-FA507RM-FA507RM kernel: [    0.000000] BIOS-e820: [mem 0x0000000009aff000-0x0000000009ffffff] reserved
Apr 27 14:52:55 physics-ASUS-TUF-Gaming-A15-FA507RM-FA507RM kernel: [    0.000000] BIOS-e820: [mem 0x000000000a000000-0x000000000a1fffff] usable
Apr 27 14:52:55 physics-ASUS-TUF-Gaming-A15-FA507RM-FA507RM kernel: [    0.000000] BIOS-e820: [mem 0x000000000a200000-0x000000000a213fff] ACPI NVS
Apr 27 14:52:55 physics-ASUS-TUF-Gaming-A15-FA507RM-FA507RM kernel: [    0.000000] BIOS-e820: [mem 0x000000000a214000-0x000000007038afff] usable
Apr 27 14:52:55 physics-ASUS-TUF-Gaming-A15-FA507RM-FA507RM kernel: [    0.000000] BIOS-e820: [mem 0x000000007038b000-0x0000000072ee4fff] reserved
Apr 27 14:52:55 physics-ASUS-TUF-Gaming-A15-FA507RM-FA507RM kernel: [    0.000000] BIOS-e820: [mem 0x0000000072ee5000-0x0000000072f5cfff] ACPI data
Apr 27 14:52:55 physics-ASUS-TUF-Gaming-A15-FA507RM-FA507RM kernel: [    0.000000] BIOS-e820: [mem 0x0000000072f5d000-0x0000000078291fff] ACPI NVS
Apr 27 14:52:55 physics-ASUS-TUF-Gaming-A15-FA507RM-FA507RM kernel: [    0.000000] BIOS-e820: [mem 0x0000000078292000-0x00000000793fdfff] reserved
Apr 27 14:52:55 physics-ASUS-TUF-Gaming-A15-FA507RM-FA507RM kernel: [    0.000000] BIOS-e820: [mem 0x00000000793fe000-0x00000000793fefff] usable
Apr 27 14:52:55 physics-ASUS-TUF-Gaming-A15-FA507RM-FA507RM kernel: [    0.000000] BIOS-e820: [mem 0x00000000793ff000-0x00000000793fffff] reserved
Apr 27 14:52:55 physics-ASUS-TUF-Gaming-A15-FA507RM-FA507RM kernel: [    0.000000] BIOS-e820: [mem 0x0000000079400000-0x000000007affcfff] usable
Apr 27 14:52:55 physics-ASUS-TUF-Gaming-A15-FA507RM-FA507RM kernel: [    0.000000] BIOS-e820: [mem 0x000000007affd000-0x000000007bffffff] reserved
Apr 27 14:52:55 physics-ASUS-TUF-Gaming-A15-FA507RM-FA507RM kernel: [    0.000000] BIOS-e820: [mem 0x000000007ce00000-0x000000007fffffff] reserved
Apr 27 14:52:55 physics-ASUS-TUF-Gaming-A15-FA507RM-FA507RM kernel: [    0.000000] BIOS-e820: [mem 0x00000000e0000000-0x00000000efffffff] reserved
Apr 27 14:52:55 physics-ASUS-TUF-Gaming-A15-FA507RM-FA507RM kernel: [    0.000000] BIOS-e820: [mem 0x00000000fd000000-0x00000000ffffffff] reserved
Apr 27 14:52:55 physics-ASUS-TUF-Gaming-A15-FA507RM-FA507RM kernel: [    0.000000] BIOS-e820: [mem 0x0000000100000000-0x000000045e2fffff] usable
Apr 27 14:52:55 physics-ASUS-TUF-Gaming-A15-FA507RM-FA507RM kernel: [    0.000000] BIOS-e820: [mem 0x000000045f340000-0x00000004a01fffff] reserved
Apr 27 14:52:55 physics-ASUS-TUF-Gaming-A15-FA507RM-FA507RM kernel: [    0.000000] NX (Execute Disable) protection: active
Apr 27 14:52:55 physics-ASUS-TUF-Gaming-A15-FA507RM-FA507RM kernel: [    0.000000] e820: update [mem 0x582ca018-0x582ee657] usable ==> usable
Apr 27 14:52:55 physics-ASUS-TUF-Gaming-A15-FA507RM-FA507RM kernel: [    0.000000] e820: update [mem 0x582ca018-0x582ee657] usable ==> usable
Apr 27 14:52:55 physics-ASUS-TUF-Gaming-A15-FA507RM-FA507RM kernel: [    0.000000] e820: update [mem 0x582bf018-0x582c9e57] usable ==> usable
Apr 27 14:52:55 physics-ASUS-TUF-Gaming-A15-FA507RM-FA507RM kernel: [    0.000000] e820: update [mem 0x582bf018-0x582c9e57] usable ==> usable
Apr 27 14:52:55 physics-ASUS-TUF-Gaming-A15-FA507RM-FA507RM kernel: [    0.000000] extended physical RAM map:
Apr 27 14:52:55 physics-ASUS-TUF-Gaming-A15-FA507RM-FA507RM kernel: [    0.000000] reserve setup_data: [mem 0x0000000000000000-0x000000000009ffff] usable
Apr 27 14:52:55 physics-ASUS-TUF-Gaming-A15-FA507RM-FA507RM kernel: [    0.000000] reserve setup_data: [mem 0x00000000000a0000-0x00000000000fffff] reserved
Apr 27 14:52:55 physics-ASUS-TUF-Gaming-A15-FA507RM-FA507RM kernel: [    0.000000] reserve setup_data: [mem 0x0000000000100000-0x0000000009afefff] usable
Apr 27 14:52:55 physics-ASUS-TUF-Gaming-A15-FA507RM-FA507RM kernel: [    0.000000] reserve setup_data: [mem 0x0000000009aff000-0x0000000009ffffff] reserved
Apr 27 14:52:55 physics-ASUS-TUF-Gaming-A15-FA507RM-FA507RM kernel: [    0.000000] reserve setup_data: [mem 0x000000000a000000-0x000000000a1fffff] usable
Apr 27 14:52:55 physics-ASUS-TUF-Gaming-A15-FA507RM-FA507RM kernel: [    0.000000] reserve setup_data: [mem 0x000000000a200000-0x000000000a213fff] ACPI NVS
Apr 27 14:52:55 physics-ASUS-TUF-Gaming-A15-FA507RM-FA507RM kernel: [    0.000000] reserve setup_data: [mem 0x000000000a214000-0x00000000582bf017] usable
Apr 27 14:52:55 physics-ASUS-TUF-Gaming-A15-FA507RM-FA507RM kernel: [    0.000000] reserve setup_data: [mem 0x00000000582bf018-0x00000000582c9e57] usable
Apr 27 14:52:55 physics-ASUS-TUF-Gaming-A15-FA507RM-FA507RM kernel: [    0.000000] reserve setup_data: [mem 0x00000000582c9e58-0x00000000582ca017] usable
Apr 27 14:52:55 physics-ASUS-TUF-Gaming-A15-FA507RM-FA507RM kernel: [    0.000000] reserve setup_data: [mem 0x00000000582ca018-0x00000000582ee657] usable
Apr 27 14:52:55 physics-ASUS-TUF-Gaming-A15-FA507RM-FA507RM kernel: [    0.000000] reserve setup_data: [mem 0x00000000582ee658-0x000000007038afff] usable
Apr 27 14:52:55 physics-ASUS-TUF-Gaming-A15-FA507RM-FA507RM kernel: [    0.000000] reserve setup_data: [mem 0x000000007038b000-0x0000000072ee4fff] reserved
Apr 27 14:52:55 physics-ASUS-TUF-Gaming-A15-FA507RM-FA507RM kernel: [    0.000000] reserve setup_data: [mem 0x0000000072ee5000-0x0000000072f5cfff] ACPI data
Apr 27 14:52:55 physics-ASUS-TUF-Gaming-A15-FA507RM-FA507RM kernel: [    0.000000] reserve setup_data: [mem 0x0000000072f5d000-0x0000000078291fff] ACPI NVS
Apr 27 14:52:55 physics-ASUS-TUF-Gaming-A15-FA507RM-FA507RM kernel: [    0.000000] reserve setup_data: [mem 0x0000000078292000-0x00000000793fdfff] reserved
Apr 27 14:52:55 physics-ASUS-TUF-Gaming-A15-FA507RM-FA507RM kernel: [    0.000000] reserve setup_data: [mem 0x00000000793fe000-0x00000000793fefff] usable
Apr 27 14:52:55 physics-ASUS-TUF-Gaming-A15-FA507RM-FA507RM kernel: [    0.000000] reserve setup_data: [mem 0x00000000793ff000-0x00000000793fffff] reserved
Apr 27 14:52:55 physics-ASUS-TUF-Gaming-A15-FA507RM-FA507RM kernel: [    0.000000] reserve setup_data: [mem 0x0000000079400000-0x000000007affcfff] usable
Apr 27 14:52:55 physics-ASUS-TUF-Gaming-A15-FA507RM-FA507RM kernel: [    0.000000] reserve setup_data: [mem 0x000000007affd000-0x000000007bffffff] reserved
Apr 27 14:52:55 physics-ASUS-TUF-Gaming-A15-FA507RM-FA507RM kernel: [    0.000000] reserve setup_data: [mem 0x000000007ce00000-0x000000007fffffff] reserved
Apr 27 14:52:55 physics-ASUS-TUF-Gaming-A15-FA507RM-FA507RM kernel: [    0.000000] reserve setup_data: [mem 0x00000000e0000000-0x00000000efffffff] reserved
Apr 27 14:52:55 physics-ASUS-TUF-Gaming-A15-FA507RM-FA507RM kernel: [    0.000000] reserve setup_data: [mem 0x00000000fd000000-0x00000000ffffffff] reserved
Apr 27 14:52:55 physics-ASUS-TUF-Gaming-A15-FA507RM-FA507RM kernel: [    0.000000] reserve setup_data: [mem 0x0000000100000000-0x000000045e2fffff] usable
Apr 27 14:52:55 physics-ASUS-TUF-Gaming-A15-FA507RM-FA507RM kernel: [    0.000000] reserve setup_data: [mem 0x000000045f340000-0x00000004a01fffff] reserved
Apr 27 14:52:55 physics-ASUS-TUF-Gaming-A15-FA507RM-FA507RM kernel: [    0.000000] efi: EFI v2.8 by American Megatrends
Apr 27 14:52:55 physics-ASUS-TUF-Gaming-A15-FA507RM-FA507RM kernel: [    0.000000] efi: ACPI=0x72f5c000 ACPI 2.0=0x72f5c014 TPMFinalLog=0x78247000 SMBIOS=0x791d2000 SMBIOS 3.0=0x791d1000 MEMATTR=0x6abc6018 ESRT=0x6abcbe98 MOKvar=0x79269000 RNG=0x72eff018 TPMEventLog=0x582ef018 
Apr 27 14:52:55 physics-ASUS-TUF-Gaming-A15-FA507RM-FA507RM kernel: [    0.000000] random: crng init done
Apr 27 14:52:55 physics-ASUS-TUF-Gaming-A15-FA507RM-FA507RM kernel: [    0.000000] efi: Remove mem58: MMIO range=[0xe0000000-0xefffffff] (256MB) from e820 map
Apr 27 14:52:55 physics-ASUS-TUF-Gaming-A15-FA507RM-FA507RM kernel: [    0.000000] e820: remove [mem 0xe0000000-0xefffffff] reserved
Apr 27 14:52:55 physics-ASUS-TUF-Gaming-A15-FA507RM-FA507RM kernel: [    0.000000] efi: Remove mem59: MMIO range=[0xfd000000-0xfedfffff] (30MB) from e820 map
Apr 27 14:52:55 physics-ASUS-TUF-Gaming-A15-FA507RM-FA507RM kernel: [    0.000000] e820: remove [mem 0xfd000000-0xfedfffff] reserved
Apr 27 14:52:55 physics-ASUS-TUF-Gaming-A15-FA507RM-FA507RM kernel: [    0.000000] efi: Not removing mem60: MMIO range=[0xfee00000-0xfee00fff] (4KB) from e820 map
Apr 27 14:52:55 physics-ASUS-TUF-Gaming-A15-FA507RM-FA507RM kernel: [    0.000000] efi: Remove mem61: MMIO range=[0xfee01000-0xffffffff] (17MB) from e820 map
Apr 27 14:52:55 physics-ASUS-TUF-Gaming-A15-FA507RM-FA507RM kernel: [    0.000000] e820: remove [mem 0xfee01000-0xffffffff] reserved
Apr 27 14:52:55 physics-ASUS-TUF-Gaming-A15-FA507RM-FA507RM kernel: [    0.000000] efi: Remove mem63: MMIO range=[0x480000000-0x4a01fffff] (514MB) from e820 map
Apr 27 14:52:55 physics-ASUS-TUF-Gaming-A15-FA507RM-FA507RM kernel: [    0.000000] e820: remove [mem 0x480000000-0x4a01fffff] reserved
Apr 27 14:52:55 physics-ASUS-TUF-Gaming-A15-FA507RM-FA507RM kernel: [    0.000000] secureboot: Secure boot enabled
Apr 27 14:52:55 physics-ASUS-TUF-Gaming-A15-FA507RM-FA507RM kernel: [    0.000000] Kernel is locked down from EFI Secure Boot mode; see man kernel_lockdown.7
Apr 27 14:52:55 physics-ASUS-TUF-Gaming-A15-FA507RM-FA507RM kernel: [    0.000000] SMBIOS 3.4.0 present.
Apr 27 14:52:55 physics-ASUS-TUF-Gaming-A15-FA507RM-FA507RM kernel: [    0.000000] DMI: ASUSTeK COMPUTER INC. ASUS TUF Gaming A15 FA507RM_FA507RM/FA507RM, BIOS FA507RM.315 11/30/2022
Apr 27 14:52:55 physics-ASUS-TUF-Gaming-A15-FA507RM-FA507RM kernel: [    0.000000] tsc: Fast TSC calibration using PIT
Apr 27 14:52:55 physics-ASUS-TUF-Gaming-A15-FA507RM-FA507RM kernel: [    0.000000] tsc: Detected 3193.965 MHz processor
Apr 27 14:52:55 physics-ASUS-TUF-Gaming-A15-FA507RM-FA507RM kernel: [    0.000127] e820: update [mem 0x00000000-0x00000fff] usable ==> reserved
Apr 27 14:52:55 physics-ASUS-TUF-Gaming-A15-FA507RM-FA507RM kernel: [    0.000129] e820: remove [mem 0x000a0000-0x000fffff] usable
Apr 27 14:52:55 physics-ASUS-TUF-Gaming-A15-FA507RM-FA507RM kernel: [    0.000134] last_pfn = 0x45e300 max_arch_pfn = 0x400000000
Apr 27 14:52:55 physics-ASUS-TUF-Gaming-A15-FA507RM-FA507RM kernel: [    0.000140] MTRR map: 6 entries (3 fixed + 3 variable; max 20), built from 9 variable MTRRs
Apr 27 14:52:55 physics-ASUS-TUF-Gaming-A15-FA507RM-FA507RM kernel: [    0.000141] x86/PAT: Configuration [0-7]: WB  WC  UC- UC  WB  WP  UC- WT  
Apr 27 14:52:55 physics-ASUS-TUF-Gaming-A15-FA507RM-FA507RM kernel: [    0.000645] last_pfn = 0x7affd max_arch_pfn = 0x400000000
Apr 27 14:52:55 physics-ASUS-TUF-Gaming-A15-FA507RM-FA507RM kernel: [    0.003367] esrt: Reserving ESRT space from 0x000000006abcbe98 to 0x000000006abcbf20.
Apr 27 14:52:55 physics-ASUS-TUF-Gaming-A15-FA507RM-FA507RM kernel: [    0.003372] e820: update [mem 0x6abcb000-0x6abcbfff] usable ==> reserved
Apr 27 14:52:55 physics-ASUS-TUF-Gaming-A15-FA507RM-FA507RM kernel: [    0.003386] Using GB pages for direct mapping
Apr 27 14:52:55 physics-ASUS-TUF-Gaming-A15-FA507RM-FA507RM kernel: [    0.003577] secureboot: Secure boot enabled
Apr 27 14:52:55 physics-ASUS-TUF-Gaming-A15-FA507RM-FA507RM kernel: [    0.003578] RAMDISK: [mem 0x592f8000-0x5d579fff]
Apr 27 14:52:55 physics-ASUS-TUF-Gaming-A15-FA507RM-FA507RM kernel: [    0.003583] ACPI: Early table checksum verification disabled
Apr 27 14:52:55 physics-ASUS-TUF-Gaming-A15-FA507RM-FA507RM kernel: [    0.003586] ACPI: RSDP 0x0000000072F5C014 000024 (v02 _ASUS_)
Apr 27 14:52:55 physics-ASUS-TUF-Gaming-A15-FA507RM-FA507RM kernel: [    0.003589] ACPI: XSDT 0x0000000072F5B728 00012C (v01 _ASUS_ Notebook 01072009 AMI  01000013)
Apr 27 14:52:55 physics-ASUS-TUF-Gaming-A15-FA507RM-FA507RM kernel: [    0.003593] ACPI: FACP 0x0000000072F4F000 000114 (v06 _ASUS_ Notebook 01072009 AMI  00010013)
Apr 27 14:52:55 physics-ASUS-TUF-Gaming-A15-FA507RM-FA507RM kernel: [    0.003596] ACPI: DSDT 0x0000000072F42000 00C29C (v02 _ASUS_ Notebook 01072009 INTL 20200717)
Apr 27 14:52:55 physics-ASUS-TUF-Gaming-A15-FA507RM-FA507RM kernel: [    0.003599] ACPI: FACS 0x0000000078245000 000040
Apr 27 14:52:55 physics-ASUS-TUF-Gaming-A15-FA507RM-FA507RM kernel: [    0.003600] ACPI: MSDM 0x0000000072F5A000 000055 (v03 _ASUS_ Notebook 01072009 ASUS 00000001)
Apr 27 14:52:55 physics-ASUS-TUF-Gaming-A15-FA507RM-FA507RM kernel: [    0.003602] ACPI: SSDT 0x0000000072F59000 0001CC (v01 AMD    STD3     00000001 INTL 20200717)
Apr 27 14:52:55 physics-ASUS-TUF-Gaming-A15-FA507RM-FA507RM kernel: [    0.003604] ACPI: SSDT 0x0000000072F51000 007DED (v02 AMD    AmdTable 00000002 MSFT 02000002)
Apr 27 14:52:55 physics-ASUS-TUF-Gaming-A15-FA507RM-FA507RM kernel: [    0.003606] ACPI: IVRS 0x0000000072F50000 0001A4 (v02 AMD    AmdTable 00000001 AMD  00000001)
Apr 27 14:52:55 physics-ASUS-TUF-Gaming-A15-FA507RM-FA507RM kernel: [    0.003607] ACPI: FIDT 0x0000000072F41000 00009C (v01 _ASUS_ Notebook 01072009 AMI  00010013)
Apr 27 14:52:55 physics-ASUS-TUF-Gaming-A15-FA507RM-FA507RM kernel: [    0.003609] ACPI: MCFG 0x0000000072F40000 00003C (v01 _ASUS_ Notebook 01072009 MSFT 00010013)
Apr 27 14:52:55 physics-ASUS-TUF-Gaming-A15-FA507RM-FA507RM kernel: [    0.003611] ACPI: VFCT 0x0000000072F35000 00AE84 (v01 _ASUS_ Notebook 00000001 AMD  31504F47)
Apr 27 14:52:55 physics-ASUS-TUF-Gaming-A15-FA507RM-FA507RM kernel: [    0.003613] ACPI: BGRT 0x0000000072F34000 000038 (v01 _ASUS_ Notebook 01072009 AMI  00010013)
Apr 27 14:52:55 physics-ASUS-TUF-Gaming-A15-FA507RM-FA507RM kernel: [    0.003614] ACPI: TPM2 0x0000000072F33000 00004C (v04 _ASUS_ Notebook 00000001 AMI  00000000)
Apr 27 14:52:55 physics-ASUS-TUF-Gaming-A15-FA507RM-FA507RM kernel: [    0.003616] ACPI: SSDT 0x0000000072F2D000 005354 (v02 AMD    AmdTable 00000001 AMD  00000001)
Apr 27 14:52:55 physics-ASUS-TUF-Gaming-A15-FA507RM-FA507RM kernel: [    0.003617] ACPI: CRAT 0x0000000072F2C000 000EE8 (v01 AMD    AmdTable 00000001 AMD  00000001)
Apr 27 14:52:55 physics-ASUS-TUF-Gaming-A15-FA507RM-FA507RM kernel: [    0.003619] ACPI: CDIT 0x0000000072F2B000 000029 (v01 AMD    AmdTable 00000001 AMD  00000001)
Apr 27 14:52:55 physics-ASUS-TUF-Gaming-A15-FA507RM-FA507RM kernel: [    0.003621] ACPI: SSDT 0x0000000072F27000 00328A (v01 OptRf2 Opt2Tabl 00001000 INTL 20200717)
Apr 27 14:52:55 physics-ASUS-TUF-Gaming-A15-FA507RM-FA507RM kernel: [    0.003622] ACPI: SSDT 0x0000000072F26000 000F3E (v01 AMD    AmdTable 00000001 INTL 20200717)
Apr 27 14:52:55 physics-ASUS-TUF-Gaming-A15-FA507RM-FA507RM kernel: [    0.003624] ACPI: SSDT 0x0000000072F24000 001504 (v01 AMD    AmdTable 00000001 INTL 20200717)
Apr 27 14:52:55 physics-ASUS-TUF-Gaming-A15-FA507RM-FA507RM kernel: [    0.003626] ACPI: SSDT 0x0000000072F22000 00156D (v01 AMD    AmdTable 00000001 INTL 20200717)
Apr 27 14:52:55 physics-ASUS-TUF-Gaming-A15-FA507RM-FA507RM kernel: [    0.003627] ACPI: SSDT 0x0000000072F21000 00008B (v01 AMD    AmdTable 00000001 INTL 20200717)
Apr 27 14:52:55 physics-ASUS-TUF-Gaming-A15-FA507RM-FA507RM kernel: [    0.003629] ACPI: SSDT 0x0000000072F19000 007943 (v01 AMD    AmdTable 00000001 INTL 20200717)
Apr 27 14:52:55 physics-ASUS-TUF-Gaming-A15-FA507RM-FA507RM kernel: [    0.003631] ACPI: WSMT 0x0000000072F18000 000028 (v01 _ASUS_ Notebook 01072009 AMI  00010013)
Apr 27 14:52:55 physics-ASUS-TUF-Gaming-A15-FA507RM-FA507RM kernel: [    0.003632] ACPI: APIC 0x0000000072F17000 0000DE (v03 _ASUS_ Notebook 01072009 AMI  00010013)
Apr 27 14:52:55 physics-ASUS-TUF-Gaming-A15-FA507RM-FA507RM kernel: [    0.003634] ACPI: SSDT 0x0000000072F16000 00074A (v01 AMD    AmdTable 00000001 INTL 20200717)
Apr 27 14:52:55 physics-ASUS-TUF-Gaming-A15-FA507RM-FA507RM kernel: [    0.003636] ACPI: SSDT 0x0000000072F14000 001156 (v01 AMD    AmdTable 00000001 INTL 20200717)
Apr 27 14:52:55 physics-ASUS-TUF-Gaming-A15-FA507RM-FA507RM kernel: [    0.003637] ACPI: SSDT 0x0000000072F0D000 006CBB (v01 AMD    AmdTable 00000001 INTL 20200717)
Apr 27 14:52:55 physics-ASUS-TUF-Gaming-A15-FA507RM-FA507RM kernel: [    0.003639] ACPI: SSDT 0x0000000072F08000 0047F0 (v01 AMD    AmdTable 00000001 INTL 20200717)
Apr 27 14:52:55 physics-ASUS-TUF-Gaming-A15-FA507RM-FA507RM kernel: [    0.003640] ACPI: SSDT 0x0000000072F07000 000ADC (v01 AMD    AmdTable 00000001 INTL 20200717)
Apr 27 14:52:55 physics-ASUS-TUF-Gaming-A15-FA507RM-FA507RM kernel: [    0.003642] ACPI: SSDT 0x0000000072F06000 00008D (v01 AMD    AmdTable 00000001 INTL 20200717)
Apr 27 14:52:55 physics-ASUS-TUF-Gaming-A15-FA507RM-FA507RM kernel: [    0.003644] ACPI: SSDT 0x0000000072F05000 000B48 (v01 AMD    AmdTable 00000001 INTL 20200717)
Apr 27 14:52:55 physics-ASUS-TUF-Gaming-A15-FA507RM-FA507RM kernel: [    0.003645] ACPI: SSDT 0x0000000072F04000 000712 (v01 AMD    AmdTable 00000001 INTL 20200717)
Apr 27 14:52:55 physics-ASUS-TUF-Gaming-A15-FA507RM-FA507RM kernel: [    0.003647] ACPI: SSDT 0x0000000072F03000 00074F (v01 AMD    AmdTable 00000001 INTL 20200717)
Apr 27 14:52:55 physics-ASUS-TUF-Gaming-A15-FA507RM-FA507RM kernel: [    0.003649] ACPI: SSDT 0x0000000072F02000 000057 (v01 AMD    AmdTable 00000001 INTL 20200717)
Apr 27 14:52:55 physics-ASUS-TUF-Gaming-A15-FA507RM-FA507RM kernel: [    0.003650] ACPI: SSDT 0x0000000072F01000 000ADA (v01 AMD    AmdTable 00000001 INTL 20200717)
Apr 27 14:52:55 physics-ASUS-TUF-Gaming-A15-FA507RM-FA507RM kernel: [    0.003652] ACPI: FPDT 0x0000000072F00000 000044 (v01 _ASUS_ A M I    01072009 AMI  01000013)
Apr 27 14:52:55 physics-ASUS-TUF-Gaming-A15-FA507RM-FA507RM kernel: [    0.003653] ACPI: Reserving FACP table memory at [mem 0x72f4f000-0x72f4f113]
Apr 27 14:52:55 physics-ASUS-TUF-Gaming-A15-FA507RM-FA507RM kernel: [    0.003654] ACPI: Reserving DSDT table memory at [mem 0x72f42000-0x72f4e29b]
Apr 27 14:52:55 physics-ASUS-TUF-Gaming-A15-FA507RM-FA507RM kernel: [    0.003655] ACPI: Reserving FACS table memory at [mem 0x78245000-0x7824503f]
Apr 27 14:52:55 physics-ASUS-TUF-Gaming-A15-FA507RM-FA507RM kernel: [    0.003655] ACPI: Reserving MSDM table memory at [mem 0x72f5a000-0x72f5a054]
Apr 27 14:52:55 physics-ASUS-TUF-Gaming-A15-FA507RM-FA507RM kernel: [    0.003656] ACPI: Reserving SSDT table memory at [mem 0x72f59000-0x72f591cb]
Apr 27 14:52:55 physics-ASUS-TUF-Gaming-A15-FA507RM-FA507RM kernel: [    0.003656] ACPI: Reserving SSDT table memory at [mem 0x72f51000-0x72f58dec]
Apr 27 14:52:55 physics-ASUS-TUF-Gaming-A15-FA507RM-FA507RM kernel: [    0.003657] ACPI: Reserving IVRS table memory at [mem 0x72f50000-0x72f501a3]
Apr 27 14:52:55 physics-ASUS-TUF-Gaming-A15-FA507RM-FA507RM kernel: [    0.003657] ACPI: Reserving FIDT table memory at [mem 0x72f41000-0x72f4109b]
Apr 27 14:52:55 physics-ASUS-TUF-Gaming-A15-FA507RM-FA507RM kernel: [    0.003657] ACPI: Reserving MCFG table memory at [mem 0x72f40000-0x72f4003b]
Apr 27 14:52:55 physics-ASUS-TUF-Gaming-A15-FA507RM-FA507RM kernel: [    0.003658] ACPI: Reserving VFCT table memory at [mem 0x72f35000-0x72f3fe83]
Apr 27 14:52:55 physics-ASUS-TUF-Gaming-A15-FA507RM-FA507RM kernel: [    0.003658] ACPI: Reserving BGRT table memory at [mem 0x72f34000-0x72f34037]
Apr 27 14:52:55 physics-ASUS-TUF-Gaming-A15-FA507RM-FA507RM kernel: [    0.003659] ACPI: Reserving TPM2 table memory at [mem 0x72f33000-0x72f3304b]
Apr 27 14:52:55 physics-ASUS-TUF-Gaming-A15-FA507RM-FA507RM kernel: [    0.003659] ACPI: Reserving SSDT table memory at [mem 0x72f2d000-0x72f32353]
Apr 27 14:52:55 physics-ASUS-TUF-Gaming-A15-FA507RM-FA507RM kernel: [    0.003660] ACPI: Reserving CRAT table memory at [mem 0x72f2c000-0x72f2cee7]
Apr 27 14:52:55 physics-ASUS-TUF-Gaming-A15-FA507RM-FA507RM kernel: [    0.003660] ACPI: Reserving CDIT table memory at [mem 0x72f2b000-0x72f2b028]
Apr 27 14:52:55 physics-ASUS-TUF-Gaming-A15-FA507RM-FA507RM kernel: [    0.003661] ACPI: Reserving SSDT table memory at [mem 0x72f27000-0x72f2a289]
Apr 27 14:52:55 physics-ASUS-TUF-Gaming-A15-FA507RM-FA507RM kernel: [    0.003661] ACPI: Reserving SSDT table memory at [mem 0x72f26000-0x72f26f3d]
Apr 27 14:52:55 physics-ASUS-TUF-Gaming-A15-FA507RM-FA507RM kernel: [    0.003661] ACPI: Reserving SSDT table memory at [mem 0x72f24000-0x72f25503]
Apr 27 14:52:55 physics-ASUS-TUF-Gaming-A15-FA507RM-FA507RM kernel: [    0.003662] ACPI: Reserving SSDT table memory at [mem 0x72f22000-0x72f2356c]
Apr 27 14:52:55 physics-ASUS-TUF-Gaming-A15-FA507RM-FA507RM kernel: [    0.003662] ACPI: Reserving SSDT table memory at [mem 0x72f21000-0x72f2108a]
Apr 27 14:52:55 physics-ASUS-TUF-Gaming-A15-FA507RM-FA507RM kernel: [    0.003663] ACPI: Reserving SSDT table memory at [mem 0x72f19000-0x72f20942]
Apr 27 14:52:55 physics-ASUS-TUF-Gaming-A15-FA507RM-FA507RM kernel: [    0.003663] ACPI: Reserving WSMT table memory at [mem 0x72f18000-0x72f18027]
Apr 27 14:52:55 physics-ASUS-TUF-Gaming-A15-FA507RM-FA507RM kernel: [    0.003664] ACPI: Reserving APIC table memory at [mem 0x72f17000-0x72f170dd]
Apr 27 14:52:55 physics-ASUS-TUF-Gaming-A15-FA507RM-FA507RM kernel: [    0.003664] ACPI: Reserving SSDT table memory at [mem 0x72f16000-0x72f16749]
Apr 27 14:52:55 physics-ASUS-TUF-Gaming-A15-FA507RM-FA507RM kernel: [    0.003665] ACPI: Reserving SSDT table memory at [mem 0x72f14000-0x72f15155]
Apr 27 14:52:55 physics-ASUS-TUF-Gaming-A15-FA507RM-FA507RM kernel: [    0.003665] ACPI: Reserving SSDT table memory at [mem 0x72f0d000-0x72f13cba]
Apr 27 14:52:55 physics-ASUS-TUF-Gaming-A15-FA507RM-FA507RM kernel: [    0.003665] ACPI: Reserving SSDT table memory at [mem 0x72f08000-0x72f0c7ef]
Apr 27 14:52:55 physics-ASUS-TUF-Gaming-A15-FA507RM-FA507RM kernel: [    0.003666] ACPI: Reserving SSDT table memory at [mem 0x72f07000-0x72f07adb]
Apr 27 14:52:55 physics-ASUS-TUF-Gaming-A15-FA507RM-FA507RM kernel: [    0.003666] ACPI: Reserving SSDT table memory at [mem 0x72f06000-0x72f0608c]
Apr 27 14:52:55 physics-ASUS-TUF-Gaming-A15-FA507RM-FA507RM kernel: [    0.003667] ACPI: Reserving SSDT table memory at [mem 0x72f05000-0x72f05b47]
Apr 27 14:52:55 physics-ASUS-TUF-Gaming-A15-FA507RM-FA507RM kernel: [    0.003667] ACPI: Reserving SSDT table memory at [mem 0x72f04000-0x72f04711]
Apr 27 14:52:55 physics-ASUS-TUF-Gaming-A15-FA507RM-FA507RM kernel: [    0.003668] ACPI: Reserving SSDT table memory at [mem 0x72f03000-0x72f0374e]
Apr 27 14:52:55 physics-ASUS-TUF-Gaming-A15-FA507RM-FA507RM kernel: [    0.003668] ACPI: Reserving SSDT table memory at [mem 0x72f02000-0x72f02056]
Apr 27 14:52:55 physics-ASUS-TUF-Gaming-A15-FA507RM-FA507RM kernel: [    0.003669] ACPI: Reserving SSDT table memory at [mem 0x72f01000-0x72f01ad9]
Apr 27 14:52:55 physics-ASUS-TUF-Gaming-A15-FA507RM-FA507RM kernel: [    0.003669] ACPI: Reserving FPDT table memory at [mem 0x72f00000-0x72f00043]
Apr 27 14:52:55 physics-ASUS-TUF-Gaming-A15-FA507RM-FA507RM kernel: [    0.003770] No NUMA configuration found
Apr 27 14:52:55 physics-ASUS-TUF-Gaming-A15-FA507RM-FA507RM kernel: [    0.003771] Faking a node at [mem 0x0000000000000000-0x000000045e2fffff]
Apr 27 14:52:55 physics-ASUS-TUF-Gaming-A15-FA507RM-FA507RM kernel: [    0.003775] NODE_DATA(0) allocated [mem 0x45e2d5000-0x45e2fffff]
Apr 27 14:52:55 physics-ASUS-TUF-Gaming-A15-FA507RM-FA507RM kernel: [    0.003868] Zone ranges:
Apr 27 14:52:55 physics-ASUS-TUF-Gaming-A15-FA507RM-FA507RM kernel: [    0.003869]   DMA      [mem 0x0000000000001000-0x0000000000ffffff]
Apr 27 14:52:55 physics-ASUS-TUF-Gaming-A15-FA507RM-FA507RM kernel: [    0.003870]   DMA32    [mem 0x0000000001000000-0x00000000ffffffff]
Apr 27 14:52:55 physics-ASUS-TUF-Gaming-A15-FA507RM-FA507RM kernel: [    0.003871]   Normal   [mem 0x0000000100000000-0x000000045e2fffff]
Apr 27 14:52:55 physics-ASUS-TUF-Gaming-A15-FA507RM-FA507RM kernel: [    0.003872]   Device   empty
Apr 27 14:52:55 physics-ASUS-TUF-Gaming-A15-FA507RM-FA507RM kernel: [    0.003872] Movable zone start for each node
Apr 27 14:52:55 physics-ASUS-TUF-Gaming-A15-FA507RM-FA507RM kernel: [    0.003873] Early memory node ranges
Apr 27 14:52:55 physics-ASUS-TUF-Gaming-A15-FA507RM-FA507RM kernel: [    0.003874]   node   0: [mem 0x0000000000001000-0x000000000009ffff]
Apr 27 14:52:55 physics-ASUS-TUF-Gaming-A15-FA507RM-FA507RM kernel: [    0.003875]   node   0: [mem 0x0000000000100000-0x0000000009afefff]
Apr 27 14:52:55 physics-ASUS-TUF-Gaming-A15-FA507RM-FA507RM kernel: [    0.003875]   node   0: [mem 0x000000000a000000-0x000000000a1fffff]
Apr 27 14:52:55 physics-ASUS-TUF-Gaming-A15-FA507RM-FA507RM kernel: [    0.003876]   node   0: [mem 0x000000000a214000-0x000000007038afff]
Apr 27 14:52:55 physics-ASUS-TUF-Gaming-A15-FA507RM-FA507RM kernel: [    0.003876]   node   0: [mem 0x00000000793fe000-0x00000000793fefff]
Apr 27 14:52:55 physics-ASUS-TUF-Gaming-A15-FA507RM-FA507RM kernel: [    0.003877]   node   0: [mem 0x0000000079400000-0x000000007affcfff]
Apr 27 14:52:55 physics-ASUS-TUF-Gaming-A15-FA507RM-FA507RM kernel: [    0.003877]   node   0: [mem 0x0000000100000000-0x000000045e2fffff]
Apr 27 14:52:55 physics-ASUS-TUF-Gaming-A15-FA507RM-FA507RM kernel: [    0.003879] Initmem setup node 0 [mem 0x0000000000001000-0x000000045e2fffff]
Apr 27 14:52:55 physics-ASUS-TUF-Gaming-A15-FA507RM-FA507RM kernel: [    0.003882] On node 0, zone DMA: 1 pages in unavailable ranges
Apr 27 14:52:55 physics-ASUS-TUF-Gaming-A15-FA507RM-FA507RM kernel: [    0.003892] On node 0, zone DMA: 96 pages in unavailable ranges
Apr 27 14:52:55 physics-ASUS-TUF-Gaming-A15-FA507RM-FA507RM kernel: [    0.003978] On node 0, zone DMA32: 1281 pages in unavailable ranges
Apr 27 14:52:55 physics-ASUS-TUF-Gaming-A15-FA507RM-FA507RM kernel: [    0.005424] On node 0, zone DMA32: 20 pages in unavailable ranges
Apr 27 14:52:55 physics-ASUS-TUF-Gaming-A15-FA507RM-FA507RM kernel: [    0.005634] On node 0, zone DMA32: 36979 pages in unavailable ranges
Apr 27 14:52:55 physics-ASUS-TUF-Gaming-A15-FA507RM-FA507RM kernel: [    0.005669] On node 0, zone DMA32: 1 pages in unavailable ranges
Apr 27 14:52:55 physics-ASUS-TUF-Gaming-A15-FA507RM-FA507RM kernel: [    0.022949] On node 0, zone Normal: 20483 pages in unavailable ranges
Apr 27 14:52:55 physics-ASUS-TUF-Gaming-A15-FA507RM-FA507RM kernel: [    0.022991] On node 0, zone Normal: 7424 pages in unavailable ranges
Apr 27 14:52:55 physics-ASUS-TUF-Gaming-A15-FA507RM-FA507RM kernel: [    0.023218] ACPI: PM-Timer IO Port: 0x808
Apr 27 14:52:55 physics-ASUS-TUF-Gaming-A15-FA507RM-FA507RM kernel: [    0.023226] ACPI: LAPIC_NMI (acpi_id[0xff] high edge lint[0x1])
Apr 27 14:52:55 physics-ASUS-TUF-Gaming-A15-FA507RM-FA507RM kernel: [    0.023239] IOAPIC[0]: apic_id 33, version 33, address 0xfec00000, GSI 0-23
Apr 27 14:52:55 physics-ASUS-TUF-Gaming-A15-FA507RM-FA507RM kernel: [    0.023244] IOAPIC[1]: apic_id 34, version 33, address 0xfec01000, GSI 24-55
Apr 27 14:52:55 physics-ASUS-TUF-Gaming-A15-FA507RM-FA507RM kernel: [    0.023245] ACPI: INT_SRC_OVR (bus 0 bus_irq 0 global_irq 2 dfl dfl)
Apr 27 14:52:55 physics-ASUS-TUF-Gaming-A15-FA507RM-FA507RM kernel: [    0.023247] ACPI: INT_SRC_OVR (bus 0 bus_irq 9 global_irq 9 low level)
Apr 27 14:52:55 physics-ASUS-TUF-Gaming-A15-FA507RM-FA507RM kernel: [    0.023249] ACPI: Using ACPI (MADT) for SMP configuration information
Apr 27 14:52:55 physics-ASUS-TUF-Gaming-A15-FA507RM-FA507RM kernel: [    0.023256] e820: update [mem 0x6b0f9000-0x6b127fff] usable ==> reserved
Apr 27 14:52:55 physics-ASUS-TUF-Gaming-A15-FA507RM-FA507RM kernel: [    0.023266] smpboot: Allowing 16 CPUs, 0 hotplug CPUs
Apr 27 14:52:55 physics-ASUS-TUF-Gaming-A15-FA507RM-FA507RM kernel: [    0.023278] PM: hibernation: Registered nosave memory: [mem 0x00000000-0x00000fff]
Apr 27 14:52:55 physics-ASUS-TUF-Gaming-A15-FA507RM-FA507RM kernel: [    0.023279] PM: hibernation: Registered nosave memory: [mem 0x000a0000-0x000fffff]
Apr 27 14:52:55 physics-ASUS-TUF-Gaming-A15-FA507RM-FA507RM kernel: [    0.023280] PM: hibernation: Registered nosave memory: [mem 0x09aff000-0x09ffffff]
Apr 27 14:52:55 physics-ASUS-TUF-Gaming-A15-FA507RM-FA507RM kernel: [    0.023281] PM: hibernation: Registered nosave memory: [mem 0x0a200000-0x0a213fff]
Apr 27 14:52:55 physics-ASUS-TUF-Gaming-A15-FA507RM-FA507RM kernel: [    0.023282] PM: hibernation: Registered nosave memory: [mem 0x582bf000-0x582bffff]
Apr 27 14:52:55 physics-ASUS-TUF-Gaming-A15-FA507RM-FA507RM kernel: [    0.023283] PM: hibernation: Registered nosave memory: [mem 0x582c9000-0x582c9fff]
Apr 27 14:52:55 physics-ASUS-TUF-Gaming-A15-FA507RM-FA507RM kernel: [    0.023283] PM: hibernation: Registered nosave memory: [mem 0x582ca000-0x582cafff]
Apr 27 14:52:55 physics-ASUS-TUF-Gaming-A15-FA507RM-FA507RM kernel: [    0.023284] PM: hibernation: Registered nosave memory: [mem 0x582ee000-0x582eefff]
Apr 27 14:52:55 physics-ASUS-TUF-Gaming-A15-FA507RM-FA507RM kernel: [    0.023285] PM: hibernation: Registered nosave memory: [mem 0x6abcb000-0x6abcbfff]
Apr 27 14:52:55 physics-ASUS-TUF-Gaming-A15-FA507RM-FA507RM kernel: [    0.023286] PM: hibernation: Registered nosave memory: [mem 0x6b0f9000-0x6b127fff]
Apr 27 14:52:55 physics-ASUS-TUF-Gaming-A15-FA507RM-FA507RM kernel: [    0.023287] PM: hibernation: Registered nosave memory: [mem 0x7038b000-0x72ee4fff]
Apr 27 14:52:55 physics-ASUS-TUF-Gaming-A15-FA507RM-FA507RM kernel: [    0.023287] PM: hibernation: Registered nosave memory: [mem 0x72ee5000-0x72f5cfff]
Apr 27 14:52:55 physics-ASUS-TUF-Gaming-A15-FA507RM-FA507RM kernel: [    0.023288] PM: hibernation: Registered nosave memory: [mem 0x72f5d000-0x78291fff]
Apr 27 14:52:55 physics-ASUS-TUF-Gaming-A15-FA507RM-FA507RM kernel: [    0.023288] PM: hibernation: Registered nosave memory: [mem 0x78292000-0x793fdfff]
Apr 27 14:52:55 physics-ASUS-TUF-Gaming-A15-FA507RM-FA507RM kernel: [    0.023289] PM: hibernation: Registered nosave memory: [mem 0x793ff000-0x793fffff]
Apr 27 14:52:55 physics-ASUS-TUF-Gaming-A15-FA507RM-FA507RM kernel: [    0.023290] PM: hibernation: Registered nosave memory: [mem 0x7affd000-0x7bffffff]
Apr 27 14:52:55 physics-ASUS-TUF-Gaming-A15-FA507RM-FA507RM kernel: [    0.023290] PM: hibernation: Registered nosave memory: [mem 0x7c000000-0x7cdfffff]
Apr 27 14:52:55 physics-ASUS-TUF-Gaming-A15-FA507RM-FA507RM kernel: [    0.023291] PM: hibernation: Registered nosave memory: [mem 0x7ce00000-0x7fffffff]
Apr 27 14:52:55 physics-ASUS-TUF-Gaming-A15-FA507RM-FA507RM kernel: [    0.023291] PM: hibernation: Registered nosave memory: [mem 0x80000000-0xfedfffff]
Apr 27 14:52:55 physics-ASUS-TUF-Gaming-A15-FA507RM-FA507RM kernel: [    0.023291] PM: hibernation: Registered nosave memory: [mem 0xfee00000-0xfee00fff]
Apr 27 14:52:55 physics-ASUS-TUF-Gaming-A15-FA507RM-FA507RM kernel: [    0.023292] PM: hibernation: Registered nosave memory: [mem 0xfee01000-0xffffffff]
Apr 27 14:52:55 physics-ASUS-TUF-Gaming-A15-FA507RM-FA507RM kernel: [    0.023293] [mem 0x80000000-0xfedfffff] available for PCI devices
Apr 27 14:52:55 physics-ASUS-TUF-Gaming-A15-FA507RM-FA507RM kernel: [    0.023294] Booting paravirtualized kernel on bare hardware
Apr 27 14:52:55 physics-ASUS-TUF-Gaming-A15-FA507RM-FA507RM kernel: [    0.023295] clocksource: refined-jiffies: mask: 0xffffffff max_cycles: 0xffffffff, max_idle_ns: 7645519600211568 ns
Apr 27 14:52:55 physics-ASUS-TUF-Gaming-A15-FA507RM-FA507RM kernel: [    0.023301] setup_percpu: NR_CPUS:8192 nr_cpumask_bits:16 nr_cpu_ids:16 nr_node_ids:1
Apr 27 14:52:55 physics-ASUS-TUF-Gaming-A15-FA507RM-FA507RM kernel: [    0.023726] percpu: Embedded 63 pages/cpu s221184 r8192 d28672 u262144
Apr 27 14:52:55 physics-ASUS-TUF-Gaming-A15-FA507RM-FA507RM kernel: [    0.023730] pcpu-alloc: s221184 r8192 d28672 u262144 alloc=1*2097152
Apr 27 14:52:55 physics-ASUS-TUF-Gaming-A15-FA507RM-FA507RM kernel: [    0.023731] pcpu-alloc: [0] 00 01 02 03 04 05 06 07 [0] 08 09 10 11 12 13 14 15 
Apr 27 14:52:55 physics-ASUS-TUF-Gaming-A15-FA507RM-FA507RM kernel: [    0.023749] Kernel command line: BOOT_IMAGE=/boot/vmlinuz-6.5.0-28-generic root=UUID=b88236d9-d53b-4acd-834c-14624b206b8d ro quiet splash vt.handoff=7
Apr 27 14:52:55 physics-ASUS-TUF-Gaming-A15-FA507RM-FA507RM kernel: [    0.023812] Unknown kernel command line parameters "splash BOOT_IMAGE=/boot/vmlinuz-6.5.0-28-generic", will be passed to user space.
Apr 27 14:52:55 physics-ASUS-TUF-Gaming-A15-FA507RM-FA507RM kernel: [    0.025164] Dentry cache hash table entries: 2097152 (order: 12, 16777216 bytes, linear)
Apr 27 14:52:55 physics-ASUS-TUF-Gaming-A15-FA507RM-FA507RM kernel: [    0.025773] Inode-cache hash table entries: 1048576 (order: 11, 8388608 bytes, linear)
Apr 27 14:52:55 physics-ASUS-TUF-Gaming-A15-FA507RM-FA507RM kernel: [    0.025846] Fallback order for Node 0: 0 
Apr 27 14:52:55 physics-ASUS-TUF-Gaming-A15-FA507RM-FA507RM kernel: [    0.025849] Built 1 zonelists, mobility grouping on.  Total pages: 3934334
Apr 27 14:52:55 physics-ASUS-TUF-Gaming-A15-FA507RM-FA507RM kernel: [    0.025850] Policy zone: Normal
Apr 27 14:52:55 physics-ASUS-TUF-Gaming-A15-FA507RM-FA507RM kernel: [    0.025855] mem auto-init: stack:all(zero), heap alloc:on, heap free:off
Apr 27 14:52:55 physics-ASUS-TUF-Gaming-A15-FA507RM-FA507RM kernel: [    0.025893] software IO TLB: area num 16.
Apr 27 14:52:55 physics-ASUS-TUF-Gaming-A15-FA507RM-FA507RM kernel: [    0.056833] Memory: 15394824K/15987788K available (20480K kernel code, 4266K rwdata, 13192K rodata, 4812K init, 17376K bss, 592704K reserved, 0K cma-reserved)
Apr 27 14:52:55 physics-ASUS-TUF-Gaming-A15-FA507RM-FA507RM kernel: [    0.056994] SLUB: HWalign=64, Order=0-3, MinObjects=0, CPUs=16, Nodes=1
Apr 27 14:52:55 physics-ASUS-TUF-Gaming-A15-FA507RM-FA507RM kernel: [    0.057016] ftrace: allocating 55272 entries in 216 pages
Apr 27 14:52:55 physics-ASUS-TUF-Gaming-A15-FA507RM-FA507RM kernel: [    0.067159] ftrace: allocated 216 pages with 4 groups
Apr 27 14:52:55 physics-ASUS-TUF-Gaming-A15-FA507RM-FA507RM kernel: [    0.067815] Dynamic Preempt: voluntary
Apr 27 14:52:55 physics-ASUS-TUF-Gaming-A15-FA507RM-FA507RM kernel: [    0.067846] rcu: Preemptible hierarchical RCU implementation.
Apr 27 14:52:55 physics-ASUS-TUF-Gaming-A15-FA507RM-FA507RM kernel: [    0.067847] rcu: 	RCU restricting CPUs from NR_CPUS=8192 to nr_cpu_ids=16.
Apr 27 14:52:55 physics-ASUS-TUF-Gaming-A15-FA507RM-FA507RM kernel: [    0.067848] 	Trampoline variant of Tasks RCU enabled.
Apr 27 14:52:55 physics-ASUS-TUF-Gaming-A15-FA507RM-FA507RM kernel: [    0.067848] 	Rude variant of Tasks RCU enabled.
Apr 27 14:52:55 physics-ASUS-TUF-Gaming-A15-FA507RM-FA507RM kernel: [    0.067848] 	Tracing variant of Tasks RCU enabled.
Apr 27 14:52:55 physics-ASUS-TUF-Gaming-A15-FA507RM-FA507RM kernel: [    0.067849] rcu: RCU calculated value of scheduler-enlistment delay is 25 jiffies.
Apr 27 14:52:55 physics-ASUS-TUF-Gaming-A15-FA507RM-FA507RM kernel: [    0.067849] rcu: Adjusting geometry for rcu_fanout_leaf=16, nr_cpu_ids=16
Apr 27 14:52:55 physics-ASUS-TUF-Gaming-A15-FA507RM-FA507RM kernel: [    0.069568] NR_IRQS: 524544, nr_irqs: 1096, preallocated irqs: 16
Apr 27 14:52:55 physics-ASUS-TUF-Gaming-A15-FA507RM-FA507RM kernel: [    0.069751] rcu: srcu_init: Setting srcu_struct sizes based on contention.
Apr 27 14:52:55 physics-ASUS-TUF-Gaming-A15-FA507RM-FA507RM kernel: [    0.069867] Console: colour dummy device 80x25
Apr 27 14:52:55 physics-ASUS-TUF-Gaming-A15-FA507RM-FA507RM kernel: [    0.069869] printk: console [tty0] enabled
Apr 27 14:52:55 physics-ASUS-TUF-Gaming-A15-FA507RM-FA507RM kernel: [    0.069899] ACPI: Core revision 20230331
Apr 27 14:52:55 physics-ASUS-TUF-Gaming-A15-FA507RM-FA507RM kernel: [    0.070052] APIC: Switch to symmetric I/O mode setup
Apr 27 14:52:55 physics-ASUS-TUF-Gaming-A15-FA507RM-FA507RM kernel: [    0.070807] AMD-Vi: ivrs, add hid:AMDI0020, uid:\_SB.FUR0, rdevid:160
Apr 27 14:52:55 physics-ASUS-TUF-Gaming-A15-FA507RM-FA507RM kernel: [    0.070808] AMD-Vi: ivrs, add hid:AMDI0020, uid:\_SB.FUR1, rdevid:160
Apr 27 14:52:55 physics-ASUS-TUF-Gaming-A15-FA507RM-FA507RM kernel: [    0.070809] AMD-Vi: ivrs, add hid:AMDI0020, uid:\_SB.FUR2, rdevid:160
Apr 27 14:52:55 physics-ASUS-TUF-Gaming-A15-FA507RM-FA507RM kernel: [    0.070810] AMD-Vi: ivrs, add hid:AMDI0020, uid:\_SB.FUR3, rdevid:160
Apr 27 14:52:55 physics-ASUS-TUF-Gaming-A15-FA507RM-FA507RM kernel: [    0.070810] AMD-Vi: Using global IVHD EFR:0x246577efa2254afa, EFR2:0x0
Apr 27 14:52:55 physics-ASUS-TUF-Gaming-A15-FA507RM-FA507RM kernel: [    0.071112] x2apic: IRQ remapping doesn't support X2APIC mode
Apr 27 14:52:55 physics-ASUS-TUF-Gaming-A15-FA507RM-FA507RM kernel: [    0.071117] Switched APIC routing to physical flat.
Apr 27 14:52:55 physics-ASUS-TUF-Gaming-A15-FA507RM-FA507RM kernel: [    0.071842] ..TIMER: vector=0x30 apic1=0 pin1=2 apic2=-1 pin2=-1
Apr 27 14:52:55 physics-ASUS-TUF-Gaming-A15-FA507RM-FA507RM kernel: [    0.090058] clocksource: tsc-early: mask: 0xffffffffffffffff max_cycles: 0x2e0a053e542, max_idle_ns: 440795280275 ns
Apr 27 14:52:55 physics-ASUS-TUF-Gaming-A15-FA507RM-FA507RM kernel: [    0.090064] Calibrating delay loop (skipped), value calculated using timer frequency.. 6387.93 BogoMIPS (lpj=12775860)
Apr 27 14:52:55 physics-ASUS-TUF-Gaming-A15-FA507RM-FA507RM kernel: [    0.090082] x86/cpu: User Mode Instruction Prevention (UMIP) activated
Apr 27 14:52:55 physics-ASUS-TUF-Gaming-A15-FA507RM-FA507RM kernel: [    0.090247] LVT offset 1 assigned for vector 0xf9
Apr 27 14:52:55 physics-ASUS-TUF-Gaming-A15-FA507RM-FA507RM kernel: [    0.090364] LVT offset 2 assigned for vector 0xf4
Apr 27 14:52:55 physics-ASUS-TUF-Gaming-A15-FA507RM-FA507RM kernel: [    0.090387] process: using mwait in idle threads
Apr 27 14:52:55 physics-ASUS-TUF-Gaming-A15-FA507RM-FA507RM kernel: [    0.090388] Last level iTLB entries: 4KB 512, 2MB 512, 4MB 256
Apr 27 14:52:55 physics-ASUS-TUF-Gaming-A15-FA507RM-FA507RM kernel: [    0.090389] Last level dTLB entries: 4KB 2048, 2MB 2048, 4MB 1024, 1GB 0
Apr 27 14:52:55 physics-ASUS-TUF-Gaming-A15-FA507RM-FA507RM kernel: [    0.090392] Spectre V1 : Mitigation: usercopy/swapgs barriers and __user pointer sanitization
Apr 27 14:52:55 physics-ASUS-TUF-Gaming-A15-FA507RM-FA507RM kernel: [    0.090393] Spectre V2 : Mitigation: Retpolines
Apr 27 14:52:55 physics-ASUS-TUF-Gaming-A15-FA507RM-FA507RM kernel: [    0.090394] Spectre V2 : Spectre v2 / SpectreRSB mitigation: Filling RSB on context switch
Apr 27 14:52:55 physics-ASUS-TUF-Gaming-A15-FA507RM-FA507RM kernel: [    0.090394] Spectre V2 : Spectre v2 / SpectreRSB : Filling RSB on VMEXIT
Apr 27 14:52:55 physics-ASUS-TUF-Gaming-A15-FA507RM-FA507RM kernel: [    0.090395] Spectre V2 : Enabling Restricted Speculation for firmware calls
Apr 27 14:52:55 physics-ASUS-TUF-Gaming-A15-FA507RM-FA507RM kernel: [    0.090396] Spectre V2 : mitigation: Enabling conditional Indirect Branch Prediction Barrier
Apr 27 14:52:55 physics-ASUS-TUF-Gaming-A15-FA507RM-FA507RM kernel: [    0.090397] Spectre V2 : User space: Mitigation: STIBP always-on protection
Apr 27 14:52:55 physics-ASUS-TUF-Gaming-A15-FA507RM-FA507RM kernel: [    0.090398] Speculative Store Bypass: Mitigation: Speculative Store Bypass disabled via prctl
Apr 27 14:52:55 physics-ASUS-TUF-Gaming-A15-FA507RM-FA507RM kernel: [    0.090399] Speculative Return Stack Overflow: IBPB-extending microcode not applied!
Apr 27 14:52:55 physics-ASUS-TUF-Gaming-A15-FA507RM-FA507RM kernel: [    0.090399] Speculative Return Stack Overflow: WARNING: See https://kernel.org/doc/html/latest/admin-guide/hw-vuln/srso.html for mitigation options.
Apr 27 14:52:55 physics-ASUS-TUF-Gaming-A15-FA507RM-FA507RM kernel: [    0.090400] Speculative Return Stack Overflow: Vulnerable: Safe RET, no microcode
Apr 27 14:52:55 physics-ASUS-TUF-Gaming-A15-FA507RM-FA507RM kernel: [    0.090405] x86/fpu: Supporting XSAVE feature 0x001: 'x87 floating point registers'
Apr 27 14:52:55 physics-ASUS-TUF-Gaming-A15-FA507RM-FA507RM kernel: [    0.090406] x86/fpu: Supporting XSAVE feature 0x002: 'SSE registers'
Apr 27 14:52:55 physics-ASUS-TUF-Gaming-A15-FA507RM-FA507RM kernel: [    0.090406] x86/fpu: Supporting XSAVE feature 0x004: 'AVX registers'
Apr 27 14:52:55 physics-ASUS-TUF-Gaming-A15-FA507RM-FA507RM kernel: [    0.090407] x86/fpu: Supporting XSAVE feature 0x200: 'Protection Keys User registers'
Apr 27 14:52:55 physics-ASUS-TUF-Gaming-A15-FA507RM-FA507RM kernel: [    0.090408] x86/fpu: xstate_offset[2]:  576, xstate_sizes[2]:  256
Apr 27 14:52:55 physics-ASUS-TUF-Gaming-A15-FA507RM-FA507RM kernel: [    0.090409] x86/fpu: xstate_offset[9]:  832, xstate_sizes[9]:    8
Apr 27 14:52:55 physics-ASUS-TUF-Gaming-A15-FA507RM-FA507RM kernel: [    0.090410] x86/fpu: Enabled xstate features 0x207, context size is 840 bytes, using 'compacted' format.
Apr 27 14:52:55 physics-ASUS-TUF-Gaming-A15-FA507RM-FA507RM kernel: [    0.113450] Freeing SMP alternatives memory: 44K
Apr 27 14:52:55 physics-ASUS-TUF-Gaming-A15-FA507RM-FA507RM kernel: [    0.113453] pid_max: default: 32768 minimum: 301
Apr 27 14:52:55 physics-ASUS-TUF-Gaming-A15-FA507RM-FA507RM kernel: [    0.116574] LSM: initializing lsm=lockdown,capability,landlock,yama,apparmor,integrity
Apr 27 14:52:55 physics-ASUS-TUF-Gaming-A15-FA507RM-FA507RM kernel: [    0.116589] landlock: Up and running.
Apr 27 14:52:55 physics-ASUS-TUF-Gaming-A15-FA507RM-FA507RM kernel: [    0.116590] Yama: becoming mindful.
Apr 27 14:52:55 physics-ASUS-TUF-Gaming-A15-FA507RM-FA507RM kernel: [    0.116612] AppArmor: AppArmor initialized
Apr 27 14:52:55 physics-ASUS-TUF-Gaming-A15-FA507RM-FA507RM kernel: [    0.116661] Mount-cache hash table entries: 32768 (order: 6, 262144 bytes, linear)
Apr 27 14:52:55 physics-ASUS-TUF-Gaming-A15-FA507RM-FA507RM kernel: [    0.116679] Mountpoint-cache hash table entries: 32768 (order: 6, 262144 bytes, linear)
Apr 27 14:52:55 physics-ASUS-TUF-Gaming-A15-FA507RM-FA507RM kernel: [    0.225107] smpboot: CPU0: AMD Ryzen 7 6800H with Radeon Graphics (family: 0x19, model: 0x44, stepping: 0x1)
Apr 27 14:52:55 physics-ASUS-TUF-Gaming-A15-FA507RM-FA507RM kernel: [    0.225251] RCU Tasks: Setting shift to 4 and lim to 1 rcu_task_cb_adjust=1.
Apr 27 14:52:55 physics-ASUS-TUF-Gaming-A15-FA507RM-FA507RM kernel: [    0.225267] RCU Tasks Rude: Setting shift to 4 and lim to 1 rcu_task_cb_adjust=1.
Apr 27 14:52:55 physics-ASUS-TUF-Gaming-A15-FA507RM-FA507RM kernel: [    0.225286] RCU Tasks Trace: Setting shift to 4 and lim to 1 rcu_task_cb_adjust=1.
Apr 27 14:52:55 physics-ASUS-TUF-Gaming-A15-FA507RM-FA507RM kernel: [    0.225299] Performance Events: Fam17h+ core perfctr, AMD PMU driver.
Apr 27 14:52:55 physics-ASUS-TUF-Gaming-A15-FA507RM-FA507RM kernel: [    0.225305] ... version:                0
Apr 27 14:52:55 physics-ASUS-TUF-Gaming-A15-FA507RM-FA507RM kernel: [    0.225306] ... bit width:              48
Apr 27 14:52:55 physics-ASUS-TUF-Gaming-A15-FA507RM-FA507RM kernel: [    0.225308] ... generic registers:      6
Apr 27 14:52:55 physics-ASUS-TUF-Gaming-A15-FA507RM-FA507RM kernel: [    0.225309] ... value mask:             0000ffffffffffff
Apr 27 14:52:55 physics-ASUS-TUF-Gaming-A15-FA507RM-FA507RM kernel: [    0.225310] ... max period:             00007fffffffffff
Apr 27 14:52:55 physics-ASUS-TUF-Gaming-A15-FA507RM-FA507RM kernel: [    0.225311] ... fixed-purpose events:   0
Apr 27 14:52:55 physics-ASUS-TUF-Gaming-A15-FA507RM-FA507RM kernel: [    0.225311] ... event mask:             000000000000003f
Apr 27 14:52:55 physics-ASUS-TUF-Gaming-A15-FA507RM-FA507RM kernel: [    0.225389] signal: max sigframe size: 3376
Apr 27 14:52:55 physics-ASUS-TUF-Gaming-A15-FA507RM-FA507RM kernel: [    0.225414] rcu: Hierarchical SRCU implementation.
Apr 27 14:52:55 physics-ASUS-TUF-Gaming-A15-FA507RM-FA507RM kernel: [    0.225415] rcu: 	Max phase no-delay instances is 1000.
Apr 27 14:52:55 physics-ASUS-TUF-Gaming-A15-FA507RM-FA507RM kernel: [    0.226061] NMI watchdog: Enabled. Permanently consumes one hw-PMU counter.
Apr 27 14:52:55 physics-ASUS-TUF-Gaming-A15-FA507RM-FA507RM kernel: [    0.226061] smp: Bringing up secondary CPUs ...
Apr 27 14:52:55 physics-ASUS-TUF-Gaming-A15-FA507RM-FA507RM kernel: [    0.226061] smpboot: x86: Booting SMP configuration:
Apr 27 14:52:55 physics-ASUS-TUF-Gaming-A15-FA507RM-FA507RM kernel: [    0.226061] .... node  #0, CPUs:        #2  #4  #6  #8 #10 #12 #14  #1  #3  #5  #7  #9 #11 #13 #15
Apr 27 14:52:55 physics-ASUS-TUF-Gaming-A15-FA507RM-FA507RM kernel: [    0.244063] Spectre V2 : Update user space SMT mitigation: STIBP always-on
Apr 27 14:52:55 physics-ASUS-TUF-Gaming-A15-FA507RM-FA507RM kernel: [    0.258096] smp: Brought up 1 node, 16 CPUs
Apr 27 14:52:55 physics-ASUS-TUF-Gaming-A15-FA507RM-FA507RM kernel: [    0.258096] smpboot: Max logical packages: 1
Apr 27 14:52:55 physics-ASUS-TUF-Gaming-A15-FA507RM-FA507RM kernel: [    0.258099] smpboot: Total of 16 processors activated (102206.88 BogoMIPS)
Apr 27 14:52:55 physics-ASUS-TUF-Gaming-A15-FA507RM-FA507RM kernel: [    0.262466] devtmpfs: initialized
Apr 27 14:52:55 physics-ASUS-TUF-Gaming-A15-FA507RM-FA507RM kernel: [    0.262466] x86/mm: Memory block size: 128MB
Apr 27 14:52:55 physics-ASUS-TUF-Gaming-A15-FA507RM-FA507RM kernel: [    0.263836] ACPI: PM: Registering ACPI NVS region [mem 0x0a200000-0x0a213fff] (81920 bytes)
Apr 27 14:52:55 physics-ASUS-TUF-Gaming-A15-FA507RM-FA507RM kernel: [    0.263836] ACPI: PM: Registering ACPI NVS region [mem 0x72f5d000-0x78291fff] (87248896 bytes)
Apr 27 14:52:55 physics-ASUS-TUF-Gaming-A15-FA507RM-FA507RM kernel: [    0.263836] clocksource: jiffies: mask: 0xffffffff max_cycles: 0xffffffff, max_idle_ns: 7645041785100000 ns
Apr 27 14:52:55 physics-ASUS-TUF-Gaming-A15-FA507RM-FA507RM kernel: [    0.263836] futex hash table entries: 4096 (order: 6, 262144 bytes, linear)
Apr 27 14:52:55 physics-ASUS-TUF-Gaming-A15-FA507RM-FA507RM kernel: [    0.263836] pinctrl core: initialized pinctrl subsystem
Apr 27 14:52:55 physics-ASUS-TUF-Gaming-A15-FA507RM-FA507RM kernel: [    0.263836] PM: RTC time: 05:52:46, date: 2024-04-27
Apr 27 14:52:55 physics-ASUS-TUF-Gaming-A15-FA507RM-FA507RM kernel: [    0.266345] NET: Registered PF_NETLINK/PF_ROUTE protocol family
Apr 27 14:52:55 physics-ASUS-TUF-Gaming-A15-FA507RM-FA507RM kernel: [    0.266566] DMA: preallocated 2048 KiB GFP_KERNEL pool for atomic allocations
Apr 27 14:52:55 physics-ASUS-TUF-Gaming-A15-FA507RM-FA507RM kernel: [    0.266647] DMA: preallocated 2048 KiB GFP_KERNEL|GFP_DMA pool for atomic allocations
Apr 27 14:52:55 physics-ASUS-TUF-Gaming-A15-FA507RM-FA507RM kernel: [    0.266729] DMA: preallocated 2048 KiB GFP_KERNEL|GFP_DMA32 pool for atomic allocations
Apr 27 14:52:55 physics-ASUS-TUF-Gaming-A15-FA507RM-FA507RM kernel: [    0.266737] audit: initializing netlink subsys (disabled)
Apr 27 14:52:55 physics-ASUS-TUF-Gaming-A15-FA507RM-FA507RM kernel: [    0.266752] audit: type=2000 audit(1714197166.196:1): state=initialized audit_enabled=0 res=1
Apr 27 14:52:55 physics-ASUS-TUF-Gaming-A15-FA507RM-FA507RM kernel: [    0.266752] thermal_sys: Registered thermal governor 'fair_share'
Apr 27 14:52:55 physics-ASUS-TUF-Gaming-A15-FA507RM-FA507RM kernel: [    0.266752] thermal_sys: Registered thermal governor 'bang_bang'
Apr 27 14:52:55 physics-ASUS-TUF-Gaming-A15-FA507RM-FA507RM kernel: [    0.266752] thermal_sys: Registered thermal governor 'step_wise'
Apr 27 14:52:55 physics-ASUS-TUF-Gaming-A15-FA507RM-FA507RM kernel: [    0.266752] thermal_sys: Registered thermal governor 'user_space'
Apr 27 14:52:55 physics-ASUS-TUF-Gaming-A15-FA507RM-FA507RM kernel: [    0.266752] thermal_sys: Registered thermal governor 'power_allocator'
Apr 27 14:52:55 physics-ASUS-TUF-Gaming-A15-FA507RM-FA507RM kernel: [    0.266752] EISA bus registered
Apr 27 14:52:55 physics-ASUS-TUF-Gaming-A15-FA507RM-FA507RM kernel: [    0.266752] cpuidle: using governor ladder
Apr 27 14:52:55 physics-ASUS-TUF-Gaming-A15-FA507RM-FA507RM kernel: [    0.266752] cpuidle: using governor menu
Apr 27 14:52:55 physics-ASUS-TUF-Gaming-A15-FA507RM-FA507RM kernel: [    0.266752] acpiphp: ACPI Hot Plug PCI Controller Driver version: 0.5
Apr 27 14:52:55 physics-ASUS-TUF-Gaming-A15-FA507RM-FA507RM kernel: [    0.266752] PCI: MMCONFIG for domain 0000 [bus 00-ff] at [mem 0xe0000000-0xefffffff] (base 0xe0000000)
Apr 27 14:52:55 physics-ASUS-TUF-Gaming-A15-FA507RM-FA507RM kernel: [    0.266752] PCI: not using MMCONFIG
Apr 27 14:52:55 physics-ASUS-TUF-Gaming-A15-FA507RM-FA507RM kernel: [    0.266752] PCI: Using configuration type 1 for base access
Apr 27 14:52:55 physics-ASUS-TUF-Gaming-A15-FA507RM-FA507RM kernel: [    0.266752] PCI: Using configuration type 1 for extended access
Apr 27 14:52:55 physics-ASUS-TUF-Gaming-A15-FA507RM-FA507RM kernel: [    0.266832] kprobes: kprobe jump-optimization is enabled. All kprobes are optimized if possible.
Apr 27 14:52:55 physics-ASUS-TUF-Gaming-A15-FA507RM-FA507RM kernel: [    0.266840] HugeTLB: registered 1.00 GiB page size, pre-allocated 0 pages
Apr 27 14:52:55 physics-ASUS-TUF-Gaming-A15-FA507RM-FA507RM kernel: [    0.266840] HugeTLB: 16380 KiB vmemmap can be freed for a 1.00 GiB page
Apr 27 14:52:55 physics-ASUS-TUF-Gaming-A15-FA507RM-FA507RM kernel: [    0.266840] HugeTLB: registered 2.00 MiB page size, pre-allocated 0 pages
Apr 27 14:52:55 physics-ASUS-TUF-Gaming-A15-FA507RM-FA507RM kernel: [    0.266840] HugeTLB: 28 KiB vmemmap can be freed for a 2.00 MiB page
Apr 27 14:52:55 physics-ASUS-TUF-Gaming-A15-FA507RM-FA507RM kernel: [    0.266840] ACPI: Added _OSI(Module Device)
Apr 27 14:52:55 physics-ASUS-TUF-Gaming-A15-FA507RM-FA507RM kernel: [    0.266840] ACPI: Added _OSI(Processor Device)
Apr 27 14:52:55 physics-ASUS-TUF-Gaming-A15-FA507RM-FA507RM kernel: [    0.266840] ACPI: Added _OSI(3.0 _SCP Extensions)
Apr 27 14:52:55 physics-ASUS-TUF-Gaming-A15-FA507RM-FA507RM kernel: [    0.266840] ACPI: Added _OSI(Processor Aggregator Device)
Apr 27 14:52:55 physics-ASUS-TUF-Gaming-A15-FA507RM-FA507RM kernel: [    0.294297] ACPI BIOS Error (bug): Failure creating named object [\_SB.PCI0.GP19.NHI0._RST], AE_ALREADY_EXISTS (20230331/dswload2-326)
Apr 27 14:52:55 physics-ASUS-TUF-Gaming-A15-FA507RM-FA507RM kernel: [    0.294307] fbcon: Taking over console
Apr 27 14:52:55 physics-ASUS-TUF-Gaming-A15-FA507RM-FA507RM kernel: [    0.294316] ACPI Error: AE_ALREADY_EXISTS, During name lookup/catalog (20230331/psobject-220)
Apr 27 14:52:55 physics-ASUS-TUF-Gaming-A15-FA507RM-FA507RM kernel: [    0.294323] ACPI: Skipping parse of AML opcode: Method (0x0014)
Apr 27 14:52:55 physics-ASUS-TUF-Gaming-A15-FA507RM-FA507RM kernel: [    0.294404] ACPI BIOS Error (bug): Failure creating named object [\_SB.PCI0.GP19.NHI1._RST], AE_ALREADY_EXISTS (20230331/dswload2-326)
Apr 27 14:52:55 physics-ASUS-TUF-Gaming-A15-FA507RM-FA507RM kernel: [    0.294413] ACPI Error: AE_ALREADY_EXISTS, During name lookup/catalog (20230331/psobject-220)
Apr 27 14:52:55 physics-ASUS-TUF-Gaming-A15-FA507RM-FA507RM kernel: [    0.294419] ACPI: Skipping parse of AML opcode: Method (0x0014)
Apr 27 14:52:55 physics-ASUS-TUF-Gaming-A15-FA507RM-FA507RM kernel: [    0.298719] ACPI BIOS Error (bug): Could not resolve symbol [\_SB.PCI0.GPP2.WWAN], AE_NOT_FOUND (20230331/dswload2-162)
Apr 27 14:52:55 physics-ASUS-TUF-Gaming-A15-FA507RM-FA507RM kernel: [    0.298729] ACPI Error: AE_NOT_FOUND, During name lookup/catalog (20230331/psobject-220)
Apr 27 14:52:55 physics-ASUS-TUF-Gaming-A15-FA507RM-FA507RM kernel: [    0.298735] ACPI: Skipping parse of AML opcode: Scope (0x0010)
Apr 27 14:52:55 physics-ASUS-TUF-Gaming-A15-FA507RM-FA507RM kernel: [    0.298744] ACPI BIOS Error (bug): Could not resolve symbol [\_SB.PCI0.GPP5.RTL8], AE_NOT_FOUND (20230331/dswload2-162)
Apr 27 14:52:55 physics-ASUS-TUF-Gaming-A15-FA507RM-FA507RM kernel: [    0.298752] ACPI Error: AE_NOT_FOUND, During name lookup/catalog (20230331/psobject-220)
Apr 27 14:52:55 physics-ASUS-TUF-Gaming-A15-FA507RM-FA507RM kernel: [    0.298757] ACPI: Skipping parse of AML opcode: Scope (0x0010)
Apr 27 14:52:55 physics-ASUS-TUF-Gaming-A15-FA507RM-FA507RM kernel: [    0.298767] ACPI BIOS Error (bug): Failure creating named object [\_SB.PCI0.GPP6.WLAN], AE_ALREADY_EXISTS (20230331/dswload2-326)
Apr 27 14:52:55 physics-ASUS-TUF-Gaming-A15-FA507RM-FA507RM kernel: [    0.298776] ACPI Error: AE_ALREADY_EXISTS, During name lookup/catalog (20230331/psobject-220)
Apr 27 14:52:55 physics-ASUS-TUF-Gaming-A15-FA507RM-FA507RM kernel: [    0.298782] ACPI: Skipping parse of AML opcode: Device (0x5B82)
Apr 27 14:52:55 physics-ASUS-TUF-Gaming-A15-FA507RM-FA507RM kernel: [    0.298791] ACPI BIOS Error (bug): Could not resolve symbol [\_SB.PCI0.GPP7.DEV0], AE_NOT_FOUND (20230331/dswload2-162)
Apr 27 14:52:55 physics-ASUS-TUF-Gaming-A15-FA507RM-FA507RM kernel: [    0.298798] ACPI Error: AE_NOT_FOUND, During name lookup/catalog (20230331/psobject-220)
Apr 27 14:52:55 physics-ASUS-TUF-Gaming-A15-FA507RM-FA507RM kernel: [    0.298804] ACPI: Skipping parse of AML opcode: Scope (0x0010)
Apr 27 14:52:55 physics-ASUS-TUF-Gaming-A15-FA507RM-FA507RM kernel: [    0.299380] ACPI: 21 ACPI AML tables successfully acquired and loaded
Apr 27 14:52:55 physics-ASUS-TUF-Gaming-A15-FA507RM-FA507RM kernel: [    0.302900] ACPI: [Firmware Bug]: BIOS _OSI(Linux) query ignored
Apr 27 14:52:55 physics-ASUS-TUF-Gaming-A15-FA507RM-FA507RM kernel: [    0.314716] ACPI: USB4 _OSC: OS supports USB3+ DisplayPort+ PCIe+ XDomain+
Apr 27 14:52:55 physics-ASUS-TUF-Gaming-A15-FA507RM-FA507RM kernel: [    0.314719] ACPI: USB4 _OSC: OS controls USB3+ DisplayPort+ PCIe+ XDomain+
Apr 27 14:52:55 physics-ASUS-TUF-Gaming-A15-FA507RM-FA507RM kernel: [    0.315524] ACPI: EC: EC started
Apr 27 14:52:55 physics-ASUS-TUF-Gaming-A15-FA507RM-FA507RM kernel: [    0.315525] ACPI: EC: interrupt blocked
Apr 27 14:52:55 physics-ASUS-TUF-Gaming-A15-FA507RM-FA507RM kernel: [    0.315787] ACPI: EC: EC_CMD/EC_SC=0x66, EC_DATA=0x62
Apr 27 14:52:55 physics-ASUS-TUF-Gaming-A15-FA507RM-FA507RM kernel: [    0.315789] ACPI: \_SB_.PCI0.SBRG.EC0_: Boot DSDT EC used to handle transactions
Apr 27 14:52:55 physics-ASUS-TUF-Gaming-A15-FA507RM-FA507RM kernel: [    0.315791] ACPI: Interpreter enabled
Apr 27 14:52:55 physics-ASUS-TUF-Gaming-A15-FA507RM-FA507RM kernel: [    0.315809] ACPI: PM: (supports S0 S4 S5)
Apr 27 14:52:55 physics-ASUS-TUF-Gaming-A15-FA507RM-FA507RM kernel: [    0.315810] ACPI: Using IOAPIC for interrupt routing
Apr 27 14:52:55 physics-ASUS-TUF-Gaming-A15-FA507RM-FA507RM kernel: [    0.318262] PCI: MMCONFIG for domain 0000 [bus 00-ff] at [mem 0xe0000000-0xefffffff] (base 0xe0000000)
Apr 27 14:52:55 physics-ASUS-TUF-Gaming-A15-FA507RM-FA507RM kernel: [    0.318319] PCI: MMCONFIG at [mem 0xe0000000-0xefffffff] reserved as ACPI motherboard resource
Apr 27 14:52:55 physics-ASUS-TUF-Gaming-A15-FA507RM-FA507RM kernel: [    0.318330] PCI: Using host bridge windows from ACPI; if necessary, use "pci=nocrs" and report a bug
Apr 27 14:52:55 physics-ASUS-TUF-Gaming-A15-FA507RM-FA507RM kernel: [    0.318332] PCI: Using E820 reservations for host bridge windows
Apr 27 14:52:55 physics-ASUS-TUF-Gaming-A15-FA507RM-FA507RM kernel: [    0.318961] ACPI: Enabled 2 GPEs in block 00 to 1F
Apr 27 14:52:55 physics-ASUS-TUF-Gaming-A15-FA507RM-FA507RM kernel: [    0.320382] ACPI: \_SB_.PCI0.GPP6.WLAN.WRST: New power resource
Apr 27 14:52:55 physics-ASUS-TUF-Gaming-A15-FA507RM-FA507RM kernel: [    0.320856] ACPI: \_SB_.PCI0.GPP8.P0NV: New power resource
Apr 27 14:52:55 physics-ASUS-TUF-Gaming-A15-FA507RM-FA507RM kernel: [    0.322166] ACPI: \_SB_.PCI0.GP11.PWRS: New power resource
Apr 27 14:52:55 physics-ASUS-TUF-Gaming-A15-FA507RM-FA507RM kernel: [    0.322683] ACPI: \_SB_.PCI0.GP12.PWRS: New power resource
Apr 27 14:52:55 physics-ASUS-TUF-Gaming-A15-FA507RM-FA507RM kernel: [    0.323179] ACPI: \_SB_.PCI0.GP17.PWRS: New power resource
Apr 27 14:52:55 physics-ASUS-TUF-Gaming-A15-FA507RM-FA507RM kernel: [    0.323560] ACPI: \_SB_.PCI0.GP17.VGA_.PWRS: New power resource
Apr 27 14:52:55 physics-ASUS-TUF-Gaming-A15-FA507RM-FA507RM kernel: [    0.324014] ACPI: \_SB_.PCI0.GP17.HDAU.PWRS: New power resource
Apr 27 14:52:55 physics-ASUS-TUF-Gaming-A15-FA507RM-FA507RM kernel: [    0.324310] ACPI: \_SB_.PCI0.GP17.ACP_.PWRS: New power resource
Apr 27 14:52:55 physics-ASUS-TUF-Gaming-A15-FA507RM-FA507RM kernel: [    0.324605] ACPI: \_SB_.PCI0.GP17.AZAL.PWRS: New power resource
Apr 27 14:52:55 physics-ASUS-TUF-Gaming-A15-FA507RM-FA507RM kernel: [    0.325163] ACPI: \_SB_.PCI0.GP17.XHC0.PWRS: New power resource
Apr 27 14:52:55 physics-ASUS-TUF-Gaming-A15-FA507RM-FA507RM kernel: [    0.326402] ACPI: \_SB_.PCI0.GP17.XHC1.PWRS: New power resource
Apr 27 14:52:55 physics-ASUS-TUF-Gaming-A15-FA507RM-FA507RM kernel: [    0.386201] ACPI: \_SB_.DBTP: New power resource
Apr 27 14:52:55 physics-ASUS-TUF-Gaming-A15-FA507RM-FA507RM kernel: [    0.386468] ACPI: \_SB_.PCI0.GP17.XHC1.RHUB.PRT3.BTRT: New power resource
Apr 27 14:52:55 physics-ASUS-TUF-Gaming-A15-FA507RM-FA507RM kernel: [    0.387587] ACPI: \_SB_.PCI0.GP18.SATA.P0S0: New power resource
Apr 27 14:52:55 physics-ASUS-TUF-Gaming-A15-FA507RM-FA507RM kernel: [    0.387711] ACPI: \_SB_.PCI0.GP18.SATA.P3S0: New power resource
Apr 27 14:52:55 physics-ASUS-TUF-Gaming-A15-FA507RM-FA507RM kernel: [    0.388560] ACPI: \_SB_.PCI0.GP19.PWRS: New power resource
Apr 27 14:52:55 physics-ASUS-TUF-Gaming-A15-FA507RM-FA507RM kernel: [    0.389119] ACPI: \_SB_.PCI0.GP19.XHC2.PWRS: New power resource
Apr 27 14:52:55 physics-ASUS-TUF-Gaming-A15-FA507RM-FA507RM kernel: [    0.390364] ACPI: \_SB_.PCI0.GP19.XHC3.PWRS: New power resource
Apr 27 14:52:55 physics-ASUS-TUF-Gaming-A15-FA507RM-FA507RM kernel: [    0.391314] ACPI: \_SB_.PCI0.GP19.XHC4.PWRS: New power resource
Apr 27 14:52:55 physics-ASUS-TUF-Gaming-A15-FA507RM-FA507RM kernel: [    0.392044] ACPI: \_SB_.PCI0.GP19.NHI0.PWRS: New power resource
Apr 27 14:52:55 physics-ASUS-TUF-Gaming-A15-FA507RM-FA507RM kernel: [    0.392348] ACPI: \_SB_.PCI0.GP19.NHI1.PWRS: New power resource
Apr 27 14:52:55 physics-ASUS-TUF-Gaming-A15-FA507RM-FA507RM kernel: [    0.393830] ACPI: \_SB_.PCI0.GPP0.PG00: New power resource
Apr 27 14:52:55 physics-ASUS-TUF-Gaming-A15-FA507RM-FA507RM kernel: [    0.402058] ACPI: \_TZ_.QFAN: New power resource
Apr 27 14:52:55 physics-ASUS-TUF-Gaming-A15-FA507RM-FA507RM kernel: [    0.402872] ACPI: PCI Root Bridge [PCI0] (domain 0000 [bus 00-ff])
Apr 27 14:52:55 physics-ASUS-TUF-Gaming-A15-FA507RM-FA507RM kernel: [    0.402878] acpi PNP0A08:00: _OSC: OS supports [ExtendedConfig ASPM ClockPM Segments MSI EDR HPX-Type3]
Apr 27 14:52:55 physics-ASUS-TUF-Gaming-A15-FA507RM-FA507RM kernel: [    0.403123] acpi PNP0A08:00: _OSC: OS now controls [PCIeHotplug SHPCHotplug PME AER PCIeCapability LTR DPC]
Apr 27 14:52:55 physics-ASUS-TUF-Gaming-A15-FA507RM-FA507RM kernel: [    0.403830] PCI host bridge to bus 0000:00
Apr 27 14:52:55 physics-ASUS-TUF-Gaming-A15-FA507RM-FA507RM kernel: [    0.403832] pci_bus 0000:00: root bus resource [io  0x0000-0x03af window]
Apr 27 14:52:55 physics-ASUS-TUF-Gaming-A15-FA507RM-FA507RM kernel: [    0.403834] pci_bus 0000:00: root bus resource [io  0x03e0-0x0cf7 window]
Apr 27 14:52:55 physics-ASUS-TUF-Gaming-A15-FA507RM-FA507RM kernel: [    0.403836] pci_bus 0000:00: root bus resource [io  0x03b0-0x03df window]
Apr 27 14:52:55 physics-ASUS-TUF-Gaming-A15-FA507RM-FA507RM kernel: [    0.403838] pci_bus 0000:00: root bus resource [io  0x0d00-0xffff window]
Apr 27 14:52:55 physics-ASUS-TUF-Gaming-A15-FA507RM-FA507RM kernel: [    0.403839] pci_bus 0000:00: root bus resource [mem 0x000a0000-0x000dffff window]
Apr 27 14:52:55 physics-ASUS-TUF-Gaming-A15-FA507RM-FA507RM kernel: [    0.403841] pci_bus 0000:00: root bus resource [mem 0x80000000-0xfcffffff window]
Apr 27 14:52:55 physics-ASUS-TUF-Gaming-A15-FA507RM-FA507RM kernel: [    0.403843] pci_bus 0000:00: root bus resource [mem 0x480000000-0x7fffffffff window]
Apr 27 14:52:55 physics-ASUS-TUF-Gaming-A15-FA507RM-FA507RM kernel: [    0.403845] pci_bus 0000:00: root bus resource [bus 00-ff]
Apr 27 14:52:55 physics-ASUS-TUF-Gaming-A15-FA507RM-FA507RM kernel: [    0.403862] pci 0000:00:00.0: [1022:14b5] type 00 class 0x060000
Apr 27 14:52:55 physics-ASUS-TUF-Gaming-A15-FA507RM-FA507RM kernel: [    0.403978] pci 0000:00:00.2: [1022:14b6] type 00 class 0x080600
Apr 27 14:52:55 physics-ASUS-TUF-Gaming-A15-FA507RM-FA507RM kernel: [    0.404088] pci 0000:00:01.0: [1022:14b7] type 00 class 0x060000
Apr 27 14:52:55 physics-ASUS-TUF-Gaming-A15-FA507RM-FA507RM kernel: [    0.404151] pci 0000:00:01.1: [1022:14b8] type 01 class 0x060400
Apr 27 14:52:55 physics-ASUS-TUF-Gaming-A15-FA507RM-FA507RM kernel: [    0.404227] pci 0000:00:01.1: PME# supported from D0 D3hot D3cold
Apr 27 14:52:55 physics-ASUS-TUF-Gaming-A15-FA507RM-FA507RM kernel: [    0.404377] pci 0000:00:02.0: [1022:14b7] type 00 class 0x060000
Apr 27 14:52:55 physics-ASUS-TUF-Gaming-A15-FA507RM-FA507RM kernel: [    0.404443] pci 0000:00:02.1: [1022:14ba] type 01 class 0x060400
Apr 27 14:52:55 physics-ASUS-TUF-Gaming-A15-FA507RM-FA507RM kernel: [    0.404478] pci 0000:00:02.1: enabling Extended Tags
Apr 27 14:52:55 physics-ASUS-TUF-Gaming-A15-FA507RM-FA507RM kernel: [    0.404542] pci 0000:00:02.1: PME# supported from D0 D3hot D3cold
Apr 27 14:52:55 physics-ASUS-TUF-Gaming-A15-FA507RM-FA507RM kernel: [    0.404711] pci 0000:00:02.2: [1022:14ba] type 01 class 0x060400
Apr 27 14:52:55 physics-ASUS-TUF-Gaming-A15-FA507RM-FA507RM kernel: [    0.404806] pci 0000:00:02.2: PME# supported from D0 D3hot D3cold
Apr 27 14:52:55 physics-ASUS-TUF-Gaming-A15-FA507RM-FA507RM kernel: [    0.404980] pci 0000:00:02.4: [1022:14ba] type 01 class 0x060400
Apr 27 14:52:55 physics-ASUS-TUF-Gaming-A15-FA507RM-FA507RM kernel: [    0.405015] pci 0000:00:02.4: enabling Extended Tags
Apr 27 14:52:55 physics-ASUS-TUF-Gaming-A15-FA507RM-FA507RM kernel: [    0.405076] pci 0000:00:02.4: PME# supported from D0 D3hot D3cold
Apr 27 14:52:55 physics-ASUS-TUF-Gaming-A15-FA507RM-FA507RM kernel: [    0.405238] pci 0000:00:03.0: [1022:14b7] type 00 class 0x060000
Apr 27 14:52:55 physics-ASUS-TUF-Gaming-A15-FA507RM-FA507RM kernel: [    0.405311] pci 0000:00:04.0: [1022:14b7] type 00 class 0x060000
Apr 27 14:52:55 physics-ASUS-TUF-Gaming-A15-FA507RM-FA507RM kernel: [    0.405383] pci 0000:00:08.0: [1022:14b7] type 00 class 0x060000
Apr 27 14:52:55 physics-ASUS-TUF-Gaming-A15-FA507RM-FA507RM kernel: [    0.405444] pci 0000:00:08.1: [1022:14b9] type 01 class 0x060400
Apr 27 14:52:55 physics-ASUS-TUF-Gaming-A15-FA507RM-FA507RM kernel: [    0.405468] pci 0000:00:08.1: enabling Extended Tags
Apr 27 14:52:55 physics-ASUS-TUF-Gaming-A15-FA507RM-FA507RM kernel: [    0.405505] pci 0000:00:08.1: PME# supported from D0 D3hot D3cold
Apr 27 14:52:55 physics-ASUS-TUF-Gaming-A15-FA507RM-FA507RM kernel: [    0.405665] pci 0000:00:08.3: [1022:14b9] type 01 class 0x060400
Apr 27 14:52:55 physics-ASUS-TUF-Gaming-A15-FA507RM-FA507RM kernel: [    0.405689] pci 0000:00:08.3: enabling Extended Tags
Apr 27 14:52:55 physics-ASUS-TUF-Gaming-A15-FA507RM-FA507RM kernel: [    0.405727] pci 0000:00:08.3: PME# supported from D0 D3hot D3cold
Apr 27 14:52:55 physics-ASUS-TUF-Gaming-A15-FA507RM-FA507RM kernel: [    0.406115] pci 0000:00:14.0: [1022:790b] type 00 class 0x0c0500
Apr 27 14:52:55 physics-ASUS-TUF-Gaming-A15-FA507RM-FA507RM kernel: [    0.406260] pci 0000:00:14.3: [1022:790e] type 00 class 0x060100
Apr 27 14:52:55 physics-ASUS-TUF-Gaming-A15-FA507RM-FA507RM kernel: [    0.406412] pci 0000:00:18.0: [1022:1679] type 00 class 0x060000
Apr 27 14:52:55 physics-ASUS-TUF-Gaming-A15-FA507RM-FA507RM kernel: [    0.406453] pci 0000:00:18.1: [1022:167a] type 00 class 0x060000
Apr 27 14:52:55 physics-ASUS-TUF-Gaming-A15-FA507RM-FA507RM kernel: [    0.406495] pci 0000:00:18.2: [1022:167b] type 00 class 0x060000
Apr 27 14:52:55 physics-ASUS-TUF-Gaming-A15-FA507RM-FA507RM kernel: [    0.406534] pci 0000:00:18.3: [1022:167c] type 00 class 0x060000
Apr 27 14:52:55 physics-ASUS-TUF-Gaming-A15-FA507RM-FA507RM kernel: [    0.406573] pci 0000:00:18.4: [1022:167d] type 00 class 0x060000
Apr 27 14:52:55 physics-ASUS-TUF-Gaming-A15-FA507RM-FA507RM kernel: [    0.406613] pci 0000:00:18.5: [1022:167e] type 00 class 0x060000
Apr 27 14:52:55 physics-ASUS-TUF-Gaming-A15-FA507RM-FA507RM kernel: [    0.406652] pci 0000:00:18.6: [1022:167f] type 00 class 0x060000
Apr 27 14:52:55 physics-ASUS-TUF-Gaming-A15-FA507RM-FA507RM kernel: [    0.406691] pci 0000:00:18.7: [1022:1680] type 00 class 0x060000
Apr 27 14:52:55 physics-ASUS-TUF-Gaming-A15-FA507RM-FA507RM kernel: [    0.406806] pci 0000:01:00.0: [10de:2520] type 00 class 0x030000
Apr 27 14:52:55 physics-ASUS-TUF-Gaming-A15-FA507RM-FA507RM kernel: [    0.406816] pci 0000:01:00.0: reg 0x10: [mem 0xfb000000-0xfbffffff]
Apr 27 14:52:55 physics-ASUS-TUF-Gaming-A15-FA507RM-FA507RM kernel: [    0.406825] pci 0000:01:00.0: reg 0x14: [mem 0x7c00000000-0x7dffffffff 64bit pref]
Apr 27 14:52:55 physics-ASUS-TUF-Gaming-A15-FA507RM-FA507RM kernel: [    0.406833] pci 0000:01:00.0: reg 0x1c: [mem 0x7e00000000-0x7e01ffffff 64bit pref]
Apr 27 14:52:55 physics-ASUS-TUF-Gaming-A15-FA507RM-FA507RM kernel: [    0.406839] pci 0000:01:00.0: reg 0x24: [io  0xf000-0xf07f]
Apr 27 14:52:55 physics-ASUS-TUF-Gaming-A15-FA507RM-FA507RM kernel: [    0.406845] pci 0000:01:00.0: reg 0x30: [mem 0xfc000000-0xfc07ffff pref]
Apr 27 14:52:55 physics-ASUS-TUF-Gaming-A15-FA507RM-FA507RM kernel: [    0.406894] pci 0000:01:00.0: PME# supported from D0 D3hot
Apr 27 14:52:55 physics-ASUS-TUF-Gaming-A15-FA507RM-FA507RM kernel: [    0.406962] pci 0000:01:00.0: 126.024 Gb/s available PCIe bandwidth, limited by 16.0 GT/s PCIe x8 link at 0000:00:01.1 (capable of 252.048 Gb/s with 16.0 GT/s PCIe x16 link)
Apr 27 14:52:55 physics-ASUS-TUF-Gaming-A15-FA507RM-FA507RM kernel: [    0.407331] pci 0000:01:00.1: [10de:228e] type 00 class 0x040300
Apr 27 14:52:55 physics-ASUS-TUF-Gaming-A15-FA507RM-FA507RM kernel: [    0.407340] pci 0000:01:00.1: reg 0x10: [mem 0xfc080000-0xfc083fff]
Apr 27 14:52:55 physics-ASUS-TUF-Gaming-A15-FA507RM-FA507RM kernel: [    0.407488] pci 0000:00:01.1: PCI bridge to [bus 01]
Apr 27 14:52:55 physics-ASUS-TUF-Gaming-A15-FA507RM-FA507RM kernel: [    0.407492] pci 0000:00:01.1:   bridge window [io  0xf000-0xffff]
Apr 27 14:52:55 physics-ASUS-TUF-Gaming-A15-FA507RM-FA507RM kernel: [    0.407494] pci 0000:00:01.1:   bridge window [mem 0xfb000000-0xfc0fffff]
Apr 27 14:52:55 physics-ASUS-TUF-Gaming-A15-FA507RM-FA507RM kernel: [    0.407498] pci 0000:00:01.1:   bridge window [mem 0x7c00000000-0x7e01ffffff 64bit pref]
Apr 27 14:52:55 physics-ASUS-TUF-Gaming-A15-FA507RM-FA507RM kernel: [    0.407570] pci 0000:02:00.0: [10ec:8168] type 00 class 0x020000
Apr 27 14:52:55 physics-ASUS-TUF-Gaming-A15-FA507RM-FA507RM kernel: [    0.407587] pci 0000:02:00.0: reg 0x10: [io  0xe000-0xe0ff]
Apr 27 14:52:55 physics-ASUS-TUF-Gaming-A15-FA507RM-FA507RM kernel: [    0.407611] pci 0000:02:00.0: reg 0x18: [mem 0xfca04000-0xfca04fff 64bit]
Apr 27 14:52:55 physics-ASUS-TUF-Gaming-A15-FA507RM-FA507RM kernel: [    0.407626] pci 0000:02:00.0: reg 0x20: [mem 0xfca00000-0xfca03fff 64bit]
Apr 27 14:52:55 physics-ASUS-TUF-Gaming-A15-FA507RM-FA507RM kernel: [    0.407718] pci 0000:02:00.0: supports D1 D2
Apr 27 14:52:55 physics-ASUS-TUF-Gaming-A15-FA507RM-FA507RM kernel: [    0.407719] pci 0000:02:00.0: PME# supported from D0 D1 D2 D3hot D3cold
Apr 27 14:52:55 physics-ASUS-TUF-Gaming-A15-FA507RM-FA507RM kernel: [    0.407907] pci 0000:00:02.1: PCI bridge to [bus 02]
Apr 27 14:52:55 physics-ASUS-TUF-Gaming-A15-FA507RM-FA507RM kernel: [    0.407911] pci 0000:00:02.1:   bridge window [io  0xe000-0xefff]
Apr 27 14:52:55 physics-ASUS-TUF-Gaming-A15-FA507RM-FA507RM kernel: [    0.407914] pci 0000:00:02.1:   bridge window [mem 0xfca00000-0xfcafffff]
Apr 27 14:52:55 physics-ASUS-TUF-Gaming-A15-FA507RM-FA507RM kernel: [    0.407994] pci 0000:03:00.0: [14c3:7961] type 00 class 0x028000
Apr 27 14:52:55 physics-ASUS-TUF-Gaming-A15-FA507RM-FA507RM kernel: [    0.408014] pci 0000:03:00.0: reg 0x10: [mem 0x7e20300000-0x7e203fffff 64bit pref]
Apr 27 14:52:55 physics-ASUS-TUF-Gaming-A15-FA507RM-FA507RM kernel: [    0.408026] pci 0000:03:00.0: reg 0x18: [mem 0x7e20400000-0x7e20403fff 64bit pref]
Apr 27 14:52:55 physics-ASUS-TUF-Gaming-A15-FA507RM-FA507RM kernel: [    0.408038] pci 0000:03:00.0: reg 0x20: [mem 0x7e20404000-0x7e20404fff 64bit pref]
Apr 27 14:52:55 physics-ASUS-TUF-Gaming-A15-FA507RM-FA507RM kernel: [    0.408114] pci 0000:03:00.0: supports D1 D2
Apr 27 14:52:55 physics-ASUS-TUF-Gaming-A15-FA507RM-FA507RM kernel: [    0.408115] pci 0000:03:00.0: PME# supported from D0 D1 D2 D3hot D3cold
Apr 27 14:52:55 physics-ASUS-TUF-Gaming-A15-FA507RM-FA507RM kernel: [    0.408318] pci 0000:00:02.2: PCI bridge to [bus 03]
Apr 27 14:52:55 physics-ASUS-TUF-Gaming-A15-FA507RM-FA507RM kernel: [    0.408327] pci 0000:00:02.2:   bridge window [mem 0x7e20300000-0x7e204fffff 64bit pref]
Apr 27 14:52:55 physics-ASUS-TUF-Gaming-A15-FA507RM-FA507RM kernel: [    0.408457] pci 0000:04:00.0: [8086:f1aa] type 00 class 0x010802
Apr 27 14:52:55 physics-ASUS-TUF-Gaming-A15-FA507RM-FA507RM kernel: [    0.408475] pci 0000:04:00.0: reg 0x10: [mem 0xfc900000-0xfc903fff 64bit]
Apr 27 14:52:55 physics-ASUS-TUF-Gaming-A15-FA507RM-FA507RM kernel: [    0.408604] pci 0000:04:00.0: reg 0x1ac: [mem 0x00000000-0x00003fff 64bit]
Apr 27 14:52:55 physics-ASUS-TUF-Gaming-A15-FA507RM-FA507RM kernel: [    0.408606] pci 0000:04:00.0: VF(n) BAR0 space: [mem 0x00000000-0x0001ffff 64bit] (contains BAR0 for 8 VFs)
Apr 27 14:52:55 physics-ASUS-TUF-Gaming-A15-FA507RM-FA507RM kernel: [    0.408870] pci 0000:00:02.4: PCI bridge to [bus 04]
Apr 27 14:52:55 physics-ASUS-TUF-Gaming-A15-FA507RM-FA507RM kernel: [    0.408876] pci 0000:00:02.4:   bridge window [mem 0xfc900000-0xfc9fffff]
Apr 27 14:52:55 physics-ASUS-TUF-Gaming-A15-FA507RM-FA507RM kernel: [    0.408989] pci 0000:05:00.0: [1002:1681] type 00 class 0x030000
Apr 27 14:52:55 physics-ASUS-TUF-Gaming-A15-FA507RM-FA507RM kernel: [    0.409002] pci 0000:05:00.0: reg 0x10: [mem 0x7e10000000-0x7e1fffffff 64bit pref]
Apr 27 14:52:55 physics-ASUS-TUF-Gaming-A15-FA507RM-FA507RM kernel: [    0.409010] pci 0000:05:00.0: reg 0x18: [mem 0x7e20000000-0x7e201fffff 64bit pref]
Apr 27 14:52:55 physics-ASUS-TUF-Gaming-A15-FA507RM-FA507RM kernel: [    0.409016] pci 0000:05:00.0: reg 0x20: [io  0xd000-0xd0ff]
Apr 27 14:52:55 physics-ASUS-TUF-Gaming-A15-FA507RM-FA507RM kernel: [    0.409022] pci 0000:05:00.0: reg 0x24: [mem 0xfc500000-0xfc57ffff]
Apr 27 14:52:55 physics-ASUS-TUF-Gaming-A15-FA507RM-FA507RM kernel: [    0.409032] pci 0000:05:00.0: enabling Extended Tags
Apr 27 14:52:55 physics-ASUS-TUF-Gaming-A15-FA507RM-FA507RM kernel: [    0.409046] pci 0000:05:00.0: BAR 0: assigned to efifb
Apr 27 14:52:55 physics-ASUS-TUF-Gaming-A15-FA507RM-FA507RM kernel: [    0.409087] pci 0000:05:00.0: PME# supported from D1 D2 D3hot D3cold
Apr 27 14:52:55 physics-ASUS-TUF-Gaming-A15-FA507RM-FA507RM kernel: [    0.409229] pci 0000:05:00.2: [1022:1649] type 00 class 0x108000
Apr 27 14:52:55 physics-ASUS-TUF-Gaming-A15-FA507RM-FA507RM kernel: [    0.409299] pci 0000:05:00.2: reg 0x18: [mem 0xfc400000-0xfc4fffff]
Apr 27 14:52:55 physics-ASUS-TUF-Gaming-A15-FA507RM-FA507RM kernel: [    0.409310] pci 0000:05:00.2: reg 0x24: [mem 0xfc580000-0xfc581fff]
Apr 27 14:52:55 physics-ASUS-TUF-Gaming-A15-FA507RM-FA507RM kernel: [    0.409318] pci 0000:05:00.2: enabling Extended Tags
Apr 27 14:52:55 physics-ASUS-TUF-Gaming-A15-FA507RM-FA507RM kernel: [    0.409447] pci 0000:05:00.3: [1022:161d] type 00 class 0x0c0330
Apr 27 14:52:55 physics-ASUS-TUF-Gaming-A15-FA507RM-FA507RM kernel: [    0.409459] pci 0000:05:00.3: reg 0x10: [mem 0xfc300000-0xfc3fffff 64bit]
Apr 27 14:52:55 physics-ASUS-TUF-Gaming-A15-FA507RM-FA507RM kernel: [    0.409485] pci 0000:05:00.3: enabling Extended Tags
Apr 27 14:52:55 physics-ASUS-TUF-Gaming-A15-FA507RM-FA507RM kernel: [    0.409522] pci 0000:05:00.3: PME# supported from D0 D3hot D3cold
Apr 27 14:52:55 physics-ASUS-TUF-Gaming-A15-FA507RM-FA507RM kernel: [    0.409628] pci 0000:05:00.4: [1022:161e] type 00 class 0x0c0330
Apr 27 14:52:55 physics-ASUS-TUF-Gaming-A15-FA507RM-FA507RM kernel: [    0.409640] pci 0000:05:00.4: reg 0x10: [mem 0xfc200000-0xfc2fffff 64bit]
Apr 27 14:52:55 physics-ASUS-TUF-Gaming-A15-FA507RM-FA507RM kernel: [    0.409666] pci 0000:05:00.4: enabling Extended Tags
Apr 27 14:52:55 physics-ASUS-TUF-Gaming-A15-FA507RM-FA507RM kernel: [    0.409703] pci 0000:05:00.4: PME# supported from D0 D3hot D3cold
Apr 27 14:52:55 physics-ASUS-TUF-Gaming-A15-FA507RM-FA507RM kernel: [    0.409819] pci 0000:00:08.1: PCI bridge to [bus 05]
Apr 27 14:52:55 physics-ASUS-TUF-Gaming-A15-FA507RM-FA507RM kernel: [    0.409822] pci 0000:00:08.1:   bridge window [io  0xd000-0xdfff]
Apr 27 14:52:55 physics-ASUS-TUF-Gaming-A15-FA507RM-FA507RM kernel: [    0.409825] pci 0000:00:08.1:   bridge window [mem 0xfc200000-0xfc5fffff]
Apr 27 14:52:55 physics-ASUS-TUF-Gaming-A15-FA507RM-FA507RM kernel: [    0.409828] pci 0000:00:08.1:   bridge window [mem 0x7e10000000-0x7e201fffff 64bit pref]
Apr 27 14:52:55 physics-ASUS-TUF-Gaming-A15-FA507RM-FA507RM kernel: [    0.409921] pci 0000:06:00.0: [1022:161f] type 00 class 0x0c0330
Apr 27 14:52:55 physics-ASUS-TUF-Gaming-A15-FA507RM-FA507RM kernel: [    0.409936] pci 0000:06:00.0: reg 0x10: [mem 0xfc800000-0xfc8fffff 64bit]
Apr 27 14:52:55 physics-ASUS-TUF-Gaming-A15-FA507RM-FA507RM kernel: [    0.409968] pci 0000:06:00.0: enabling Extended Tags
Apr 27 14:52:55 physics-ASUS-TUF-Gaming-A15-FA507RM-FA507RM kernel: [    0.410012] pci 0000:06:00.0: PME# supported from D0 D3hot D3cold
Apr 27 14:52:55 physics-ASUS-TUF-Gaming-A15-FA507RM-FA507RM kernel: [    0.410151] pci 0000:06:00.3: [1022:15d6] type 00 class 0x0c0330
Apr 27 14:52:55 physics-ASUS-TUF-Gaming-A15-FA507RM-FA507RM kernel: [    0.410164] pci 0000:06:00.3: reg 0x10: [mem 0xfc700000-0xfc7fffff 64bit]
Apr 27 14:52:55 physics-ASUS-TUF-Gaming-A15-FA507RM-FA507RM kernel: [    0.410190] pci 0000:06:00.3: enabling Extended Tags
Apr 27 14:52:55 physics-ASUS-TUF-Gaming-A15-FA507RM-FA507RM kernel: [    0.410228] pci 0000:06:00.3: PME# supported from D0 D3hot D3cold
Apr 27 14:52:55 physics-ASUS-TUF-Gaming-A15-FA507RM-FA507RM kernel: [    0.410328] pci 0000:06:00.4: [1022:15d7] type 00 class 0x0c0330
Apr 27 14:52:55 physics-ASUS-TUF-Gaming-A15-FA507RM-FA507RM kernel: [    0.410340] pci 0000:06:00.4: reg 0x10: [mem 0xfc600000-0xfc6fffff 64bit]
Apr 27 14:52:55 physics-ASUS-TUF-Gaming-A15-FA507RM-FA507RM kernel: [    0.410366] pci 0000:06:00.4: enabling Extended Tags
Apr 27 14:52:55 physics-ASUS-TUF-Gaming-A15-FA507RM-FA507RM kernel: [    0.410403] pci 0000:06:00.4: PME# supported from D0 D3hot D3cold
Apr 27 14:52:55 physics-ASUS-TUF-Gaming-A15-FA507RM-FA507RM kernel: [    0.410510] pci 0000:00:08.3: PCI bridge to [bus 06]
Apr 27 14:52:55 physics-ASUS-TUF-Gaming-A15-FA507RM-FA507RM kernel: [    0.410515] pci 0000:00:08.3:   bridge window [mem 0xfc600000-0xfc8fffff]
Apr 27 14:52:55 physics-ASUS-TUF-Gaming-A15-FA507RM-FA507RM kernel: [    0.474974] ACPI: PCI: Interrupt link LNKA configured for IRQ 0
Apr 27 14:52:55 physics-ASUS-TUF-Gaming-A15-FA507RM-FA507RM kernel: [    0.475216] ACPI: PCI: Interrupt link LNKB configured for IRQ 0
Apr 27 14:52:55 physics-ASUS-TUF-Gaming-A15-FA507RM-FA507RM kernel: [    0.475375] ACPI: PCI: Interrupt link LNKC configured for IRQ 0
Apr 27 14:52:55 physics-ASUS-TUF-Gaming-A15-FA507RM-FA507RM kernel: [    0.475455] ACPI: PCI: Interrupt link LNKD configured for IRQ 0
Apr 27 14:52:55 physics-ASUS-TUF-Gaming-A15-FA507RM-FA507RM kernel: [    0.475529] ACPI: PCI: Interrupt link LNKE configured for IRQ 0
Apr 27 14:52:55 physics-ASUS-TUF-Gaming-A15-FA507RM-FA507RM kernel: [    0.475590] ACPI: PCI: Interrupt link LNKF configured for IRQ 0
Apr 27 14:52:55 physics-ASUS-TUF-Gaming-A15-FA507RM-FA507RM kernel: [    0.475651] ACPI: PCI: Interrupt link LNKG configured for IRQ 0
Apr 27 14:52:55 physics-ASUS-TUF-Gaming-A15-FA507RM-FA507RM kernel: [    0.475712] ACPI: PCI: Interrupt link LNKH configured for IRQ 0
Apr 27 14:52:55 physics-ASUS-TUF-Gaming-A15-FA507RM-FA507RM kernel: [    0.477608] Low-power S0 idle used by default for system suspend
Apr 27 14:52:55 physics-ASUS-TUF-Gaming-A15-FA507RM-FA507RM kernel: [    0.477862] ACPI: EC: interrupt unblocked
Apr 27 14:52:55 physics-ASUS-TUF-Gaming-A15-FA507RM-FA507RM kernel: [    0.477863] ACPI: EC: event unblocked
Apr 27 14:52:55 physics-ASUS-TUF-Gaming-A15-FA507RM-FA507RM kernel: [    0.477872] ACPI: EC: EC_CMD/EC_SC=0x66, EC_DATA=0x62
Apr 27 14:52:55 physics-ASUS-TUF-Gaming-A15-FA507RM-FA507RM kernel: [    0.477873] ACPI: EC: GPE=0x4
Apr 27 14:52:55 physics-ASUS-TUF-Gaming-A15-FA507RM-FA507RM kernel: [    0.477875] ACPI: \_SB_.PCI0.SBRG.EC0_: Boot DSDT EC initialization complete
Apr 27 14:52:55 physics-ASUS-TUF-Gaming-A15-FA507RM-FA507RM kernel: [    0.477877] ACPI: \_SB_.PCI0.SBRG.EC0_: EC: Used to handle transactions and events
Apr 27 14:52:55 physics-ASUS-TUF-Gaming-A15-FA507RM-FA507RM kernel: [    0.477934] iommu: Default domain type: Translated
Apr 27 14:52:55 physics-ASUS-TUF-Gaming-A15-FA507RM-FA507RM kernel: [    0.477934] iommu: DMA domain TLB invalidation policy: lazy mode
Apr 27 14:52:55 physics-ASUS-TUF-Gaming-A15-FA507RM-FA507RM kernel: [    0.478145] SCSI subsystem initialized
Apr 27 14:52:55 physics-ASUS-TUF-Gaming-A15-FA507RM-FA507RM kernel: [    0.478152] libata version 3.00 loaded.
Apr 27 14:52:55 physics-ASUS-TUF-Gaming-A15-FA507RM-FA507RM kernel: [    0.478152] ACPI: bus type USB registered
Apr 27 14:52:55 physics-ASUS-TUF-Gaming-A15-FA507RM-FA507RM kernel: [    0.478152] usbcore: registered new interface driver usbfs
Apr 27 14:52:55 physics-ASUS-TUF-Gaming-A15-FA507RM-FA507RM kernel: [    0.478152] usbcore: registered new interface driver hub
Apr 27 14:52:55 physics-ASUS-TUF-Gaming-A15-FA507RM-FA507RM kernel: [    0.478152] usbcore: registered new device driver usb
Apr 27 14:52:55 physics-ASUS-TUF-Gaming-A15-FA507RM-FA507RM kernel: [    0.491570] pps_core: LinuxPPS API ver. 1 registered
Apr 27 14:52:55 physics-ASUS-TUF-Gaming-A15-FA507RM-FA507RM kernel: [    0.491572] pps_core: Software ver. 5.3.6 - Copyright 2005-2007 Rodolfo Giometti <giometti@linux.it>
Apr 27 14:52:55 physics-ASUS-TUF-Gaming-A15-FA507RM-FA507RM kernel: [    0.491575] PTP clock support registered
Apr 27 14:52:55 physics-ASUS-TUF-Gaming-A15-FA507RM-FA507RM kernel: [    0.491593] EDAC MC: Ver: 3.0.0
Apr 27 14:52:55 physics-ASUS-TUF-Gaming-A15-FA507RM-FA507RM kernel: [    0.491593] efivars: Registered efivars operations
Apr 27 14:52:55 physics-ASUS-TUF-Gaming-A15-FA507RM-FA507RM kernel: [    0.491593] NetLabel: Initializing
Apr 27 14:52:55 physics-ASUS-TUF-Gaming-A15-FA507RM-FA507RM kernel: [    0.491593] NetLabel:  domain hash size = 128
Apr 27 14:52:55 physics-ASUS-TUF-Gaming-A15-FA507RM-FA507RM kernel: [    0.491593] NetLabel:  protocols = UNLABELED CIPSOv4 CALIPSO
Apr 27 14:52:55 physics-ASUS-TUF-Gaming-A15-FA507RM-FA507RM kernel: [    0.491593] NetLabel:  unlabeled traffic allowed by default
Apr 27 14:52:55 physics-ASUS-TUF-Gaming-A15-FA507RM-FA507RM kernel: [    0.491593] mctp: management component transport protocol core
Apr 27 14:52:55 physics-ASUS-TUF-Gaming-A15-FA507RM-FA507RM kernel: [    0.491593] NET: Registered PF_MCTP protocol family
Apr 27 14:52:55 physics-ASUS-TUF-Gaming-A15-FA507RM-FA507RM kernel: [    0.491593] PCI: Using ACPI for IRQ routing
Apr 27 14:52:55 physics-ASUS-TUF-Gaming-A15-FA507RM-FA507RM kernel: [    0.500935] PCI: pci_cache_line_size set to 64 bytes
Apr 27 14:52:55 physics-ASUS-TUF-Gaming-A15-FA507RM-FA507RM kernel: [    0.501094] e820: reserve RAM buffer [mem 0x09aff000-0x0bffffff]
Apr 27 14:52:55 physics-ASUS-TUF-Gaming-A15-FA507RM-FA507RM kernel: [    0.501096] e820: reserve RAM buffer [mem 0x0a200000-0x0bffffff]
Apr 27 14:52:55 physics-ASUS-TUF-Gaming-A15-FA507RM-FA507RM kernel: [    0.501097] e820: reserve RAM buffer [mem 0x582bf018-0x5bffffff]
Apr 27 14:52:55 physics-ASUS-TUF-Gaming-A15-FA507RM-FA507RM kernel: [    0.501099] e820: reserve RAM buffer [mem 0x582ca018-0x5bffffff]
Apr 27 14:52:55 physics-ASUS-TUF-Gaming-A15-FA507RM-FA507RM kernel: [    0.501100] e820: reserve RAM buffer [mem 0x6abcb000-0x6bffffff]
Apr 27 14:52:55 physics-ASUS-TUF-Gaming-A15-FA507RM-FA507RM kernel: [    0.501102] e820: reserve RAM buffer [mem 0x6b0f9000-0x6bffffff]
Apr 27 14:52:55 physics-ASUS-TUF-Gaming-A15-FA507RM-FA507RM kernel: [    0.501103] e820: reserve RAM buffer [mem 0x7038b000-0x73ffffff]
Apr 27 14:52:55 physics-ASUS-TUF-Gaming-A15-FA507RM-FA507RM kernel: [    0.501104] e820: reserve RAM buffer [mem 0x793ff000-0x7bffffff]
Apr 27 14:52:55 physics-ASUS-TUF-Gaming-A15-FA507RM-FA507RM kernel: [    0.501105] e820: reserve RAM buffer [mem 0x7affd000-0x7bffffff]
Apr 27 14:52:55 physics-ASUS-TUF-Gaming-A15-FA507RM-FA507RM kernel: [    0.501107] e820: reserve RAM buffer [mem 0x45e300000-0x45fffffff]
Apr 27 14:52:55 physics-ASUS-TUF-Gaming-A15-FA507RM-FA507RM kernel: [    0.501158] pci 0000:01:00.0: vgaarb: setting as boot VGA device
Apr 27 14:52:55 physics-ASUS-TUF-Gaming-A15-FA507RM-FA507RM kernel: [    0.501158] pci 0000:01:00.0: vgaarb: bridge control possible
Apr 27 14:52:55 physics-ASUS-TUF-Gaming-A15-FA507RM-FA507RM kernel: [    0.501158] pci 0000:01:00.0: vgaarb: VGA device added: decodes=io+mem,owns=none,locks=none
Apr 27 14:52:55 physics-ASUS-TUF-Gaming-A15-FA507RM-FA507RM kernel: [    0.501158] pci 0000:05:00.0: vgaarb: setting as boot VGA device (overriding previous)
Apr 27 14:52:55 physics-ASUS-TUF-Gaming-A15-FA507RM-FA507RM kernel: [    0.501158] pci 0000:05:00.0: vgaarb: bridge control possible
Apr 27 14:52:55 physics-ASUS-TUF-Gaming-A15-FA507RM-FA507RM kernel: [    0.501158] pci 0000:05:00.0: vgaarb: VGA device added: decodes=io+mem,owns=none,locks=none
Apr 27 14:52:55 physics-ASUS-TUF-Gaming-A15-FA507RM-FA507RM kernel: [    0.501158] vgaarb: loaded
Apr 27 14:52:55 physics-ASUS-TUF-Gaming-A15-FA507RM-FA507RM kernel: [    0.501158] clocksource: Switched to clocksource tsc-early
Apr 27 14:52:55 physics-ASUS-TUF-Gaming-A15-FA507RM-FA507RM kernel: [    0.501158] VFS: Disk quotas dquot_6.6.0
Apr 27 14:52:55 physics-ASUS-TUF-Gaming-A15-FA507RM-FA507RM kernel: [    0.501158] VFS: Dquot-cache hash table entries: 512 (order 0, 4096 bytes)
Apr 27 14:52:55 physics-ASUS-TUF-Gaming-A15-FA507RM-FA507RM kernel: [    0.501158] AppArmor: AppArmor Filesystem Enabled
Apr 27 14:52:55 physics-ASUS-TUF-Gaming-A15-FA507RM-FA507RM kernel: [    0.501158] pnp: PnP ACPI init
Apr 27 14:52:55 physics-ASUS-TUF-Gaming-A15-FA507RM-FA507RM kernel: [    0.501158] system 00:00: [mem 0xe0000000-0xefffffff] has been reserved
Apr 27 14:52:55 physics-ASUS-TUF-Gaming-A15-FA507RM-FA507RM kernel: [    0.501158] system 00:03: [io  0x04d0-0x04d1] has been reserved
Apr 27 14:52:55 physics-ASUS-TUF-Gaming-A15-FA507RM-FA507RM kernel: [    0.501158] system 00:03: [io  0x040b] has been reserved
Apr 27 14:52:55 physics-ASUS-TUF-Gaming-A15-FA507RM-FA507RM kernel: [    0.501158] system 00:03: [io  0x04d6] has been reserved
Apr 27 14:52:55 physics-ASUS-TUF-Gaming-A15-FA507RM-FA507RM kernel: [    0.501158] system 00:03: [io  0x0c00-0x0c01] has been reserved
Apr 27 14:52:55 physics-ASUS-TUF-Gaming-A15-FA507RM-FA507RM kernel: [    0.501158] system 00:03: [io  0x0c14] has been reserved
Apr 27 14:52:55 physics-ASUS-TUF-Gaming-A15-FA507RM-FA507RM kernel: [    0.501158] system 00:03: [io  0x0c50-0x0c51] has been reserved
Apr 27 14:52:55 physics-ASUS-TUF-Gaming-A15-FA507RM-FA507RM kernel: [    0.501158] system 00:03: [io  0x0c52] has been reserved
Apr 27 14:52:55 physics-ASUS-TUF-Gaming-A15-FA507RM-FA507RM kernel: [    0.501158] system 00:03: [io  0x0c6c] has been reserved
Apr 27 14:52:55 physics-ASUS-TUF-Gaming-A15-FA507RM-FA507RM kernel: [    0.501158] system 00:03: [io  0x0c6f] has been reserved
Apr 27 14:52:55 physics-ASUS-TUF-Gaming-A15-FA507RM-FA507RM kernel: [    0.501158] system 00:03: [io  0x0cd0-0x0cd1] has been reserved
Apr 27 14:52:55 physics-ASUS-TUF-Gaming-A15-FA507RM-FA507RM kernel: [    0.501158] system 00:03: [io  0x0cd2-0x0cd3] has been reserved
Apr 27 14:52:55 physics-ASUS-TUF-Gaming-A15-FA507RM-FA507RM kernel: [    0.501158] system 00:03: [io  0x0cd4-0x0cd5] has been reserved
Apr 27 14:52:55 physics-ASUS-TUF-Gaming-A15-FA507RM-FA507RM kernel: [    0.501158] system 00:03: [io  0x0cd6-0x0cd7] has been reserved
Apr 27 14:52:55 physics-ASUS-TUF-Gaming-A15-FA507RM-FA507RM kernel: [    0.501158] system 00:03: [io  0x0cd8-0x0cdf] has been reserved
Apr 27 14:52:55 physics-ASUS-TUF-Gaming-A15-FA507RM-FA507RM kernel: [    0.501158] system 00:03: [io  0x0800-0x089f] has been reserved
Apr 27 14:52:55 physics-ASUS-TUF-Gaming-A15-FA507RM-FA507RM kernel: [    0.501158] system 00:03: [io  0x0b00-0x0b0f] has been reserved
Apr 27 14:52:55 physics-ASUS-TUF-Gaming-A15-FA507RM-FA507RM kernel: [    0.501158] system 00:03: [io  0x0b20-0x0b3f] has been reserved
Apr 27 14:52:55 physics-ASUS-TUF-Gaming-A15-FA507RM-FA507RM kernel: [    0.501158] system 00:03: [io  0x0900-0x090f] has been reserved
Apr 27 14:52:55 physics-ASUS-TUF-Gaming-A15-FA507RM-FA507RM kernel: [    0.501158] system 00:03: [io  0x0910-0x091f] has been reserved
Apr 27 14:52:55 physics-ASUS-TUF-Gaming-A15-FA507RM-FA507RM kernel: [    0.501158] system 00:03: [mem 0xfec00000-0xfec00fff] could not be reserved
Apr 27 14:52:55 physics-ASUS-TUF-Gaming-A15-FA507RM-FA507RM kernel: [    0.501158] system 00:03: [mem 0xfec01000-0xfec01fff] could not be reserved
Apr 27 14:52:55 physics-ASUS-TUF-Gaming-A15-FA507RM-FA507RM kernel: [    0.501158] system 00:03: [mem 0xfedc0000-0xfedc0fff] has been reserved
Apr 27 14:52:55 physics-ASUS-TUF-Gaming-A15-FA507RM-FA507RM kernel: [    0.501158] system 00:03: [mem 0xfee00000-0xfee00fff] has been reserved
Apr 27 14:52:55 physics-ASUS-TUF-Gaming-A15-FA507RM-FA507RM kernel: [    0.501158] system 00:03: [mem 0xfed80000-0xfed8ffff] could not be reserved
Apr 27 14:52:55 physics-ASUS-TUF-Gaming-A15-FA507RM-FA507RM kernel: [    0.501158] system 00:03: [mem 0xfec10000-0xfec10fff] has been reserved
Apr 27 14:52:55 physics-ASUS-TUF-Gaming-A15-FA507RM-FA507RM kernel: [    0.501158] system 00:03: [mem 0xff000000-0xffffffff] has been reserved
Apr 27 14:52:55 physics-ASUS-TUF-Gaming-A15-FA507RM-FA507RM kernel: [    0.502094] pnp: PnP ACPI: found 4 devices
Apr 27 14:52:55 physics-ASUS-TUF-Gaming-A15-FA507RM-FA507RM kernel: [    0.508286] clocksource: acpi_pm: mask: 0xffffff max_cycles: 0xffffff, max_idle_ns: 2085701024 ns
Apr 27 14:52:55 physics-ASUS-TUF-Gaming-A15-FA507RM-FA507RM kernel: [    0.508399] NET: Registered PF_INET protocol family
Apr 27 14:52:55 physics-ASUS-TUF-Gaming-A15-FA507RM-FA507RM kernel: [    0.508607] IP idents hash table entries: 262144 (order: 9, 2097152 bytes, linear)
Apr 27 14:52:55 physics-ASUS-TUF-Gaming-A15-FA507RM-FA507RM kernel: [    0.510740] tcp_listen_portaddr_hash hash table entries: 8192 (order: 5, 131072 bytes, linear)
Apr 27 14:52:55 physics-ASUS-TUF-Gaming-A15-FA507RM-FA507RM kernel: [    0.510764] Table-perturb hash table entries: 65536 (order: 6, 262144 bytes, linear)
Apr 27 14:52:55 physics-ASUS-TUF-Gaming-A15-FA507RM-FA507RM kernel: [    0.510849] TCP established hash table entries: 131072 (order: 8, 1048576 bytes, linear)
Apr 27 14:52:55 physics-ASUS-TUF-Gaming-A15-FA507RM-FA507RM kernel: [    0.511086] TCP bind hash table entries: 65536 (order: 9, 2097152 bytes, linear)
Apr 27 14:52:55 physics-ASUS-TUF-Gaming-A15-FA507RM-FA507RM kernel: [    0.511170] TCP: Hash tables configured (established 131072 bind 65536)
Apr 27 14:52:55 physics-ASUS-TUF-Gaming-A15-FA507RM-FA507RM kernel: [    0.511270] MPTCP token hash table entries: 16384 (order: 6, 393216 bytes, linear)
Apr 27 14:52:55 physics-ASUS-TUF-Gaming-A15-FA507RM-FA507RM kernel: [    0.511304] UDP hash table entries: 8192 (order: 6, 262144 bytes, linear)
Apr 27 14:52:55 physics-ASUS-TUF-Gaming-A15-FA507RM-FA507RM kernel: [    0.511339] UDP-Lite hash table entries: 8192 (order: 6, 262144 bytes, linear)
Apr 27 14:52:55 physics-ASUS-TUF-Gaming-A15-FA507RM-FA507RM kernel: [    0.511401] NET: Registered PF_UNIX/PF_LOCAL protocol family
Apr 27 14:52:55 physics-ASUS-TUF-Gaming-A15-FA507RM-FA507RM kernel: [    0.511411] NET: Registered PF_XDP protocol family
Apr 27 14:52:55 physics-ASUS-TUF-Gaming-A15-FA507RM-FA507RM kernel: [    0.511418] pci_bus 0000:00: max bus depth: 1 pci_try_num: 2
Apr 27 14:52:55 physics-ASUS-TUF-Gaming-A15-FA507RM-FA507RM kernel: [    0.511425] pci 0000:00:01.1: PCI bridge to [bus 01]
Apr 27 14:52:55 physics-ASUS-TUF-Gaming-A15-FA507RM-FA507RM kernel: [    0.511428] pci 0000:00:01.1:   bridge window [io  0xf000-0xffff]
Apr 27 14:52:55 physics-ASUS-TUF-Gaming-A15-FA507RM-FA507RM kernel: [    0.511432] pci 0000:00:01.1:   bridge window [mem 0xfb000000-0xfc0fffff]
Apr 27 14:52:55 physics-ASUS-TUF-Gaming-A15-FA507RM-FA507RM kernel: [    0.511435] pci 0000:00:01.1:   bridge window [mem 0x7c00000000-0x7e01ffffff 64bit pref]
Apr 27 14:52:55 physics-ASUS-TUF-Gaming-A15-FA507RM-FA507RM kernel: [    0.511439] pci 0000:00:02.1: PCI bridge to [bus 02]
Apr 27 14:52:55 physics-ASUS-TUF-Gaming-A15-FA507RM-FA507RM kernel: [    0.511441] pci 0000:00:02.1:   bridge window [io  0xe000-0xefff]
Apr 27 14:52:55 physics-ASUS-TUF-Gaming-A15-FA507RM-FA507RM kernel: [    0.511445] pci 0000:00:02.1:   bridge window [mem 0xfca00000-0xfcafffff]
Apr 27 14:52:55 physics-ASUS-TUF-Gaming-A15-FA507RM-FA507RM kernel: [    0.511451] pci 0000:00:02.2: PCI bridge to [bus 03]
Apr 27 14:52:55 physics-ASUS-TUF-Gaming-A15-FA507RM-FA507RM kernel: [    0.511457] pci 0000:00:02.2:   bridge window [mem 0x7e20300000-0x7e204fffff 64bit pref]
Apr 27 14:52:55 physics-ASUS-TUF-Gaming-A15-FA507RM-FA507RM kernel: [    0.511463] pci 0000:04:00.0: BAR 7: assigned [mem 0xfc904000-0xfc923fff 64bit]
Apr 27 14:52:55 physics-ASUS-TUF-Gaming-A15-FA507RM-FA507RM kernel: [    0.511522] pci 0000:00:02.4: PCI bridge to [bus 04]
Apr 27 14:52:55 physics-ASUS-TUF-Gaming-A15-FA507RM-FA507RM kernel: [    0.511526] pci 0000:00:02.4:   bridge window [mem 0xfc900000-0xfc9fffff]
Apr 27 14:52:55 physics-ASUS-TUF-Gaming-A15-FA507RM-FA507RM kernel: [    0.511533] pci 0000:00:08.1: PCI bridge to [bus 05]
Apr 27 14:52:55 physics-ASUS-TUF-Gaming-A15-FA507RM-FA507RM kernel: [    0.511535] pci 0000:00:08.1:   bridge window [io  0xd000-0xdfff]
Apr 27 14:52:55 physics-ASUS-TUF-Gaming-A15-FA507RM-FA507RM kernel: [    0.511540] pci 0000:00:08.1:   bridge window [mem 0xfc200000-0xfc5fffff]
Apr 27 14:52:55 physics-ASUS-TUF-Gaming-A15-FA507RM-FA507RM kernel: [    0.511543] pci 0000:00:08.1:   bridge window [mem 0x7e10000000-0x7e201fffff 64bit pref]
Apr 27 14:52:55 physics-ASUS-TUF-Gaming-A15-FA507RM-FA507RM kernel: [    0.511547] pci 0000:00:08.3: PCI bridge to [bus 06]
Apr 27 14:52:55 physics-ASUS-TUF-Gaming-A15-FA507RM-FA507RM kernel: [    0.511549] pci 0000:00:08.3:   bridge window [mem 0xfc600000-0xfc8fffff]
Apr 27 14:52:55 physics-ASUS-TUF-Gaming-A15-FA507RM-FA507RM kernel: [    0.511555] pci_bus 0000:00: resource 4 [io  0x0000-0x03af window]
Apr 27 14:52:55 physics-ASUS-TUF-Gaming-A15-FA507RM-FA507RM kernel: [    0.511557] pci_bus 0000:00: resource 5 [io  0x03e0-0x0cf7 window]
Apr 27 14:52:55 physics-ASUS-TUF-Gaming-A15-FA507RM-FA507RM kernel: [    0.511558] pci_bus 0000:00: resource 6 [io  0x03b0-0x03df window]
Apr 27 14:52:55 physics-ASUS-TUF-Gaming-A15-FA507RM-FA507RM kernel: [    0.511560] pci_bus 0000:00: resource 7 [io  0x0d00-0xffff window]
Apr 27 14:52:55 physics-ASUS-TUF-Gaming-A15-FA507RM-FA507RM kernel: [    0.511561] pci_bus 0000:00: resource 8 [mem 0x000a0000-0x000dffff window]
Apr 27 14:52:55 physics-ASUS-TUF-Gaming-A15-FA507RM-FA507RM kernel: [    0.511563] pci_bus 0000:00: resource 9 [mem 0x80000000-0xfcffffff window]
Apr 27 14:52:55 physics-ASUS-TUF-Gaming-A15-FA507RM-FA507RM kernel: [    0.511564] pci_bus 0000:00: resource 10 [mem 0x480000000-0x7fffffffff window]
Apr 27 14:52:55 physics-ASUS-TUF-Gaming-A15-FA507RM-FA507RM kernel: [    0.511566] pci_bus 0000:01: resource 0 [io  0xf000-0xffff]
Apr 27 14:52:55 physics-ASUS-TUF-Gaming-A15-FA507RM-FA507RM kernel: [    0.511568] pci_bus 0000:01: resource 1 [mem 0xfb000000-0xfc0fffff]
Apr 27 14:52:55 physics-ASUS-TUF-Gaming-A15-FA507RM-FA507RM kernel: [    0.511569] pci_bus 0000:01: resource 2 [mem 0x7c00000000-0x7e01ffffff 64bit pref]
Apr 27 14:52:55 physics-ASUS-TUF-Gaming-A15-FA507RM-FA507RM kernel: [    0.511571] pci_bus 0000:02: resource 0 [io  0xe000-0xefff]
Apr 27 14:52:55 physics-ASUS-TUF-Gaming-A15-FA507RM-FA507RM kernel: [    0.511572] pci_bus 0000:02: resource 1 [mem 0xfca00000-0xfcafffff]
Apr 27 14:52:55 physics-ASUS-TUF-Gaming-A15-FA507RM-FA507RM kernel: [    0.511574] pci_bus 0000:03: resource 2 [mem 0x7e20300000-0x7e204fffff 64bit pref]
Apr 27 14:52:55 physics-ASUS-TUF-Gaming-A15-FA507RM-FA507RM kernel: [    0.511575] pci_bus 0000:04: resource 1 [mem 0xfc900000-0xfc9fffff]
Apr 27 14:52:55 physics-ASUS-TUF-Gaming-A15-FA507RM-FA507RM kernel: [    0.511577] pci_bus 0000:05: resource 0 [io  0xd000-0xdfff]
Apr 27 14:52:55 physics-ASUS-TUF-Gaming-A15-FA507RM-FA507RM kernel: [    0.511579] pci_bus 0000:05: resource 1 [mem 0xfc200000-0xfc5fffff]
Apr 27 14:52:55 physics-ASUS-TUF-Gaming-A15-FA507RM-FA507RM kernel: [    0.511580] pci_bus 0000:05: resource 2 [mem 0x7e10000000-0x7e201fffff 64bit pref]
Apr 27 14:52:55 physics-ASUS-TUF-Gaming-A15-FA507RM-FA507RM kernel: [    0.511582] pci_bus 0000:06: resource 1 [mem 0xfc600000-0xfc8fffff]
Apr 27 14:52:55 physics-ASUS-TUF-Gaming-A15-FA507RM-FA507RM kernel: [    0.511709] pci 0000:01:00.1: extending delay after power-on from D3hot to 20 msec
Apr 27 14:52:55 physics-ASUS-TUF-Gaming-A15-FA507RM-FA507RM kernel: [    0.511734] pci 0000:01:00.1: D0 power state depends on 0000:01:00.0
Apr 27 14:52:55 physics-ASUS-TUF-Gaming-A15-FA507RM-FA507RM kernel: [    0.511867] pci 0000:00:08.1: can't derive routing for PCI INT A
Apr 27 14:52:55 physics-ASUS-TUF-Gaming-A15-FA507RM-FA507RM kernel: [    0.511869] pci 0000:00:08.1: PCI INT A: not connected
Apr 27 14:52:55 physics-ASUS-TUF-Gaming-A15-FA507RM-FA507RM kernel: [    0.512114] pci 0000:00:08.3: can't derive routing for PCI INT A
Apr 27 14:52:55 physics-ASUS-TUF-Gaming-A15-FA507RM-FA507RM kernel: [    0.512116] pci 0000:00:08.3: PCI INT A: not connected
Apr 27 14:52:55 physics-ASUS-TUF-Gaming-A15-FA507RM-FA507RM kernel: [    0.512389] PCI: CLS 64 bytes, default 64
Apr 27 14:52:55 physics-ASUS-TUF-Gaming-A15-FA507RM-FA507RM kernel: [    0.512398] pci 0000:00:00.2: AMD-Vi: IOMMU performance counters supported
Apr 27 14:52:55 physics-ASUS-TUF-Gaming-A15-FA507RM-FA507RM kernel: [    0.512450] pci 0000:00:01.0: Adding to iommu group 0
Apr 27 14:52:55 physics-ASUS-TUF-Gaming-A15-FA507RM-FA507RM kernel: [    0.512466] pci 0000:00:01.1: Adding to iommu group 1
Apr 27 14:52:55 physics-ASUS-TUF-Gaming-A15-FA507RM-FA507RM kernel: [    0.512487] Trying to unpack rootfs image as initramfs...
Apr 27 14:52:55 physics-ASUS-TUF-Gaming-A15-FA507RM-FA507RM kernel: [    0.512490] pci 0000:00:02.0: Adding to iommu group 2
Apr 27 14:52:55 physics-ASUS-TUF-Gaming-A15-FA507RM-FA507RM kernel: [    0.512506] pci 0000:00:02.1: Adding to iommu group 3
Apr 27 14:52:55 physics-ASUS-TUF-Gaming-A15-FA507RM-FA507RM kernel: [    0.512522] pci 0000:00:02.2: Adding to iommu group 4
Apr 27 14:52:55 physics-ASUS-TUF-Gaming-A15-FA507RM-FA507RM kernel: [    0.512537] pci 0000:00:02.4: Adding to iommu group 5
Apr 27 14:52:55 physics-ASUS-TUF-Gaming-A15-FA507RM-FA507RM kernel: [    0.512557] pci 0000:00:03.0: Adding to iommu group 6
Apr 27 14:52:55 physics-ASUS-TUF-Gaming-A15-FA507RM-FA507RM kernel: [    0.512579] pci 0000:00:04.0: Adding to iommu group 7
Apr 27 14:52:55 physics-ASUS-TUF-Gaming-A15-FA507RM-FA507RM kernel: [    0.512601] pci 0000:00:08.0: Adding to iommu group 8
Apr 27 14:52:55 physics-ASUS-TUF-Gaming-A15-FA507RM-FA507RM kernel: [    0.512615] pci 0000:00:08.1: Adding to iommu group 9
Apr 27 14:52:55 physics-ASUS-TUF-Gaming-A15-FA507RM-FA507RM kernel: [    0.512630] pci 0000:00:08.3: Adding to iommu group 10
Apr 27 14:52:55 physics-ASUS-TUF-Gaming-A15-FA507RM-FA507RM kernel: [    0.512657] pci 0000:00:14.0: Adding to iommu group 11
Apr 27 14:52:55 physics-ASUS-TUF-Gaming-A15-FA507RM-FA507RM kernel: [    0.512671] pci 0000:00:14.3: Adding to iommu group 11
Apr 27 14:52:55 physics-ASUS-TUF-Gaming-A15-FA507RM-FA507RM kernel: [    0.512737] pci 0000:00:18.0: Adding to iommu group 12
Apr 27 14:52:55 physics-ASUS-TUF-Gaming-A15-FA507RM-FA507RM kernel: [    0.512751] pci 0000:00:18.1: Adding to iommu group 12
Apr 27 14:52:55 physics-ASUS-TUF-Gaming-A15-FA507RM-FA507RM kernel: [    0.512766] pci 0000:00:18.2: Adding to iommu group 12
Apr 27 14:52:55 physics-ASUS-TUF-Gaming-A15-FA507RM-FA507RM kernel: [    0.512781] pci 0000:00:18.3: Adding to iommu group 12
Apr 27 14:52:55 physics-ASUS-TUF-Gaming-A15-FA507RM-FA507RM kernel: [    0.512797] pci 0000:00:18.4: Adding to iommu group 12
Apr 27 14:52:55 physics-ASUS-TUF-Gaming-A15-FA507RM-FA507RM kernel: [    0.512811] pci 0000:00:18.5: Adding to iommu group 12
Apr 27 14:52:55 physics-ASUS-TUF-Gaming-A15-FA507RM-FA507RM kernel: [    0.512826] pci 0000:00:18.6: Adding to iommu group 12
Apr 27 14:52:55 physics-ASUS-TUF-Gaming-A15-FA507RM-FA507RM kernel: [    0.512841] pci 0000:00:18.7: Adding to iommu group 12
Apr 27 14:52:55 physics-ASUS-TUF-Gaming-A15-FA507RM-FA507RM kernel: [    0.512868] pci 0000:01:00.0: Adding to iommu group 13
Apr 27 14:52:55 physics-ASUS-TUF-Gaming-A15-FA507RM-FA507RM kernel: [    0.512884] pci 0000:01:00.1: Adding to iommu group 13
Apr 27 14:52:55 physics-ASUS-TUF-Gaming-A15-FA507RM-FA507RM kernel: [    0.512899] pci 0000:02:00.0: Adding to iommu group 14
Apr 27 14:52:55 physics-ASUS-TUF-Gaming-A15-FA507RM-FA507RM kernel: [    0.512914] pci 0000:03:00.0: Adding to iommu group 15
Apr 27 14:52:55 physics-ASUS-TUF-Gaming-A15-FA507RM-FA507RM kernel: [    0.512930] pci 0000:04:00.0: Adding to iommu group 16
Apr 27 14:52:55 physics-ASUS-TUF-Gaming-A15-FA507RM-FA507RM kernel: [    0.512960] pci 0000:05:00.0: Adding to iommu group 17
Apr 27 14:52:55 physics-ASUS-TUF-Gaming-A15-FA507RM-FA507RM kernel: [    0.512977] pci 0000:05:00.2: Adding to iommu group 18
Apr 27 14:52:55 physics-ASUS-TUF-Gaming-A15-FA507RM-FA507RM kernel: [    0.512993] pci 0000:05:00.3: Adding to iommu group 19
Apr 27 14:52:55 physics-ASUS-TUF-Gaming-A15-FA507RM-FA507RM kernel: [    0.513009] pci 0000:05:00.4: Adding to iommu group 20
Apr 27 14:52:55 physics-ASUS-TUF-Gaming-A15-FA507RM-FA507RM kernel: [    0.513024] pci 0000:06:00.0: Adding to iommu group 21
Apr 27 14:52:55 physics-ASUS-TUF-Gaming-A15-FA507RM-FA507RM kernel: [    0.513041] pci 0000:06:00.3: Adding to iommu group 22
Apr 27 14:52:55 physics-ASUS-TUF-Gaming-A15-FA507RM-FA507RM kernel: [    0.513056] pci 0000:06:00.4: Adding to iommu group 23
